Component: ARM Compiler 5.06 update 7 (build 960) Tool: armlink [4d3601]

==============================================================================

Section Cross References

    system_stm32f10x.o(i.SetSysClock) refers to system_stm32f10x.o(i.SetSysClockTo72) for SetSysClockTo72
    system_stm32f10x.o(i.SystemCoreClockUpdate) refers to system_stm32f10x.o(.data) for SystemCoreClock
    system_stm32f10x.o(i.SystemInit) refers to system_stm32f10x.o(i.SetSysClock) for SetSysClock
    startup_stm32f10x_ld.o(STACK) refers (Special) to heapauxi.o(.text) for __use_two_region_memory
    startup_stm32f10x_ld.o(HEAP) refers (Special) to heapauxi.o(.text) for __use_two_region_memory
    startup_stm32f10x_ld.o(RESET) refers (Special) to heapauxi.o(.text) for __use_two_region_memory
    startup_stm32f10x_ld.o(RESET) refers to startup_stm32f10x_ld.o(STACK) for __initial_sp
    startup_stm32f10x_ld.o(RESET) refers to startup_stm32f10x_ld.o(.text) for Reset_Handler
    startup_stm32f10x_ld.o(RESET) refers to stm32f10x_it.o(i.NMI_Handler) for NMI_Handler
    startup_stm32f10x_ld.o(RESET) refers to stm32f10x_it.o(i.HardFault_Handler) for HardFault_Handler
    startup_stm32f10x_ld.o(RESET) refers to stm32f10x_it.o(i.MemManage_Handler) for MemManage_Handler
    startup_stm32f10x_ld.o(RESET) refers to stm32f10x_it.o(i.BusFault_Handler) for BusFault_Handler
    startup_stm32f10x_ld.o(RESET) refers to stm32f10x_it.o(i.UsageFault_Handler) for UsageFault_Handler
    startup_stm32f10x_ld.o(RESET) refers to port.o(.emb_text) for SVC_Handler
    startup_stm32f10x_ld.o(RESET) refers to stm32f10x_it.o(i.DebugMon_Handler) for DebugMon_Handler
    startup_stm32f10x_ld.o(RESET) refers to port.o(i.SysTick_Handler) for SysTick_Handler
    startup_stm32f10x_ld.o(RESET) refers to delay.o(i.TIM2_IRQHandler) for TIM2_IRQHandler
    startup_stm32f10x_ld.o(.text) refers (Special) to heapauxi.o(.text) for __use_two_region_memory
    startup_stm32f10x_ld.o(.text) refers to system_stm32f10x.o(i.SystemInit) for SystemInit
    startup_stm32f10x_ld.o(.text) refers to __main.o(!!!main) for __main
    startup_stm32f10x_ld.o(.text) refers to startup_stm32f10x_ld.o(HEAP) for Heap_Mem
    startup_stm32f10x_ld.o(.text) refers to startup_stm32f10x_ld.o(STACK) for Stack_Mem
    stm32f10x_adc.o(i.ADC_DeInit) refers to stm32f10x_rcc.o(i.RCC_APB2PeriphResetCmd) for RCC_APB2PeriphResetCmd
    stm32f10x_bkp.o(i.BKP_DeInit) refers to stm32f10x_rcc.o(i.RCC_BackupResetCmd) for RCC_BackupResetCmd
    stm32f10x_can.o(i.CAN_DeInit) refers to stm32f10x_rcc.o(i.RCC_APB1PeriphResetCmd) for RCC_APB1PeriphResetCmd
    stm32f10x_can.o(i.CAN_GetITStatus) refers to stm32f10x_can.o(i.CheckITStatus) for CheckITStatus
    stm32f10x_cec.o(i.CEC_DeInit) refers to stm32f10x_rcc.o(i.RCC_APB1PeriphResetCmd) for RCC_APB1PeriphResetCmd
    stm32f10x_dac.o(i.DAC_DeInit) refers to stm32f10x_rcc.o(i.RCC_APB1PeriphResetCmd) for RCC_APB1PeriphResetCmd
    stm32f10x_flash.o(i.FLASH_EnableWriteProtection) refers to stm32f10x_flash.o(i.FLASH_WaitForLastOperation) for FLASH_WaitForLastOperation
    stm32f10x_flash.o(i.FLASH_EraseAllBank1Pages) refers to stm32f10x_flash.o(i.FLASH_WaitForLastBank1Operation) for FLASH_WaitForLastBank1Operation
    stm32f10x_flash.o(i.FLASH_EraseAllPages) refers to stm32f10x_flash.o(i.FLASH_WaitForLastOperation) for FLASH_WaitForLastOperation
    stm32f10x_flash.o(i.FLASH_EraseOptionBytes) refers to stm32f10x_flash.o(i.FLASH_GetReadOutProtectionStatus) for FLASH_GetReadOutProtectionStatus
    stm32f10x_flash.o(i.FLASH_EraseOptionBytes) refers to stm32f10x_flash.o(i.FLASH_WaitForLastOperation) for FLASH_WaitForLastOperation
    stm32f10x_flash.o(i.FLASH_ErasePage) refers to stm32f10x_flash.o(i.FLASH_WaitForLastOperation) for FLASH_WaitForLastOperation
    stm32f10x_flash.o(i.FLASH_ProgramHalfWord) refers to stm32f10x_flash.o(i.FLASH_WaitForLastOperation) for FLASH_WaitForLastOperation
    stm32f10x_flash.o(i.FLASH_ProgramOptionByteData) refers to stm32f10x_flash.o(i.FLASH_WaitForLastOperation) for FLASH_WaitForLastOperation
    stm32f10x_flash.o(i.FLASH_ProgramWord) refers to stm32f10x_flash.o(i.FLASH_WaitForLastOperation) for FLASH_WaitForLastOperation
    stm32f10x_flash.o(i.FLASH_ReadOutProtection) refers to stm32f10x_flash.o(i.FLASH_WaitForLastOperation) for FLASH_WaitForLastOperation
    stm32f10x_flash.o(i.FLASH_UserOptionByteConfig) refers to stm32f10x_flash.o(i.FLASH_WaitForLastOperation) for FLASH_WaitForLastOperation
    stm32f10x_flash.o(i.FLASH_WaitForLastBank1Operation) refers to stm32f10x_flash.o(i.FLASH_GetBank1Status) for FLASH_GetBank1Status
    stm32f10x_flash.o(i.FLASH_WaitForLastOperation) refers to stm32f10x_flash.o(i.FLASH_GetBank1Status) for FLASH_GetBank1Status
    stm32f10x_gpio.o(i.GPIO_AFIODeInit) refers to stm32f10x_rcc.o(i.RCC_APB2PeriphResetCmd) for RCC_APB2PeriphResetCmd
    stm32f10x_gpio.o(i.GPIO_DeInit) refers to stm32f10x_rcc.o(i.RCC_APB2PeriphResetCmd) for RCC_APB2PeriphResetCmd
[...]
    x$fpl$dretinf                            0x080041ec   Section       12  dretinf.o(x$fpl$dretinf)
    x$fpl$drleqf                             0x080041f8   Section      108  drleqf.o(x$fpl$drleqf)
    x$fpl$drsb                               0x08004264   Section       22  daddsub_clz.o(x$fpl$drsb)
    x$fpl$dsub                               0x0800427c   Section      468  daddsub_clz.o(x$fpl$dsub)
    _dsub1                                   0x0800428d   Thumb Code     0  daddsub_clz.o(x$fpl$dsub)
    x$fpl$f2d                                0x08004450   Section       86  f2d.o(x$fpl$f2d)
    x$fpl$fdiv                               0x080044a8   Section      388  fdiv.o(x$fpl$fdiv)
    _fdiv1                                   0x080044a9   Thumb Code     0  fdiv.o(x$fpl$fdiv)
    x$fpl$fflt                               0x0800462c   Section       48  fflt_clz.o(x$fpl$fflt)
    x$fpl$fnaninf                            0x0800465c   Section      140  fnaninf.o(x$fpl$fnaninf)
    x$fpl$fretinf                            0x080046e8   Section       10  fretinf.o(x$fpl$fretinf)
    x$fpl$retnan                             0x080046f2   Section      100  retnan.o(x$fpl$retnan)
    x$fpl$scalbn                             0x08004756   Section       92  scalbn.o(x$fpl$scalbn)
    x$fpl$trapveneer                         0x080047b2   Section       48  trapv.o(x$fpl$trapveneer)
    .constdata                               0x080047e2   Section     7255  oled_data.o(.constdata)
    x$fpl$usenofp                            0x080047e2   Section        0  usenofp.o(x$fpl$usenofp)
    .constdata                               0x08006440   Section       56  log.o(.constdata)
    Lg2                                      0x08006440   Data          24  log.o(.constdata)
    Lg                                       0x08006458   Data          32  log.o(.constdata)
    .constdata                               0x08006478   Section        8  qnan.o(.constdata)
    .data                                    0x20000000   Section        3  key.o(.data)
    .data                                    0x20000003   Section        1  delay.o(.data)
    .data                                    0x20000004   Section       64  mytask.o(.data)
    .data                                    0x20000044   Section       12  build.o(.data)
    .data                                    0x20000050   Section      136  mymenu.o(.data)
    .data                                    0x200000d8   Section       64  tasks.o(.data)
    pxDelayedTaskList                        0x200000dc   Data           4  tasks.o(.data)
    pxOverflowDelayedTaskList                0x200000e0   Data           4  tasks.o(.data)
    uxDeletedTasksWaitingCleanUp             0x200000e4   Data           4  tasks.o(.data)
    uxCurrentNumberOfTasks                   0x200000e8   Data           4  tasks.o(.data)
    xTickCount                               0x200000ec   Data           4  tasks.o(.data)
    uxTopReadyPriority                       0x200000f0   Data           4  tasks.o(.data)
    xSchedulerRunning                        0x200000f4   Data           4  tasks.o(.data)
    xPendedTicks                             0x200000f8   Data           4  tasks.o(.data)
    xYieldPending                            0x200000fc   Data           4  tasks.o(.data)
    xNumOfOverflows                          0x20000100   Data           4  tasks.o(.data)
    uxTaskNumber                             0x20000104   Data           4  tasks.o(.data)
    xNextTaskUnblockTime                     0x20000108   Data           4  tasks.o(.data)
    xIdleTaskHandle                          0x2000010c   Data           4  tasks.o(.data)
    uxSchedulerSuspended                     0x20000114   Data           4  tasks.o(.data)
    .data                                    0x20000118   Section       28  heap_4.o(.data)
    xStart                                   0x20000118   Data           8  heap_4.o(.data)
    pxEnd                                    0x20000120   Data           4  heap_4.o(.data)
    xFreeBytesRemaining                      0x20000124   Data           4  heap_4.o(.data)
    xMinimumEverFreeBytesRemaining           0x20000128   Data           4  heap_4.o(.data)
    xNumberOfSuccessfulAllocations           0x2000012c   Data           4  heap_4.o(.data)
    xNumberOfSuccessfulFrees                 0x20000130   Data           4  heap_4.o(.data)
    .data                                    0x20000134   Section        4  port.o(.data)
    uxCriticalNesting                        0x20000134   Data           4  port.o(.data)
    .bss                                     0x20000138   Section     1024  oled.o(.bss)
    .bss                                     0x20000538   Section      200  tasks.o(.bss)
    pxReadyTasksLists                        0x20000538   Data         100  tasks.o(.bss)
    xDelayedTaskList1                        0x2000059c   Data          20  tasks.o(.bss)
    xDelayedTaskList2                        0x200005b0   Data          20  tasks.o(.bss)
    xPendingReadyList                        0x200005c4   Data          20  tasks.o(.bss)
    xTasksWaitingTermination                 0x200005d8   Data          20  tasks.o(.bss)
    xSuspendedTaskList                       0x200005ec   Data          20  tasks.o(.bss)
    .bss                                     0x20000600   Section     4096  heap_4.o(.bss)
    ucHeap                                   0x20000600   Data        4096  heap_4.o(.bss)
    .bss                                     0x20001600   Section       96  libspace.o(.bss)
    HEAP                                     0x20001660   Section     1280  startup_stm32f10x_ld.o(HEAP)
    Heap_Mem                                 0x20001660   Data        1280  startup_stm32f10x_ld.o(HEAP)
    STACK                                    0x20001b60   Section     1280  startup_stm32f10x_ld.o(STACK)
    Stack_Mem                                0x20001b60   Data        1280  startup_stm32f10x_ld.o(STACK)
    __initial_sp                             0x20002060   Data           0  startup_stm32f10x_ld.o(STACK)

    Global Symbols

    Symbol Name                              Value     Ov Type        Size  Object(Section)

    BuildAttributes$$THM_ISAv4$P$D$K$B$S$PE$A:L22UL41UL21$X:L11$S22US41US21$IEEE1$IW$USESV6$~STKCKD$USESV7$~SHL$OTIME$ROPI$IEEEX$EBA8$UX$STANDARDLIB$REQ8$PRES8$EABIv2 0x00000000   Number         0  anon$$obj.o ABSOLUTE
    __ARM_use_no_argv                        0x00000000   Number         0  main.o ABSOLUTE
    _printf_flags                            0x00000000   Number         0  printf_stubs.o ABSOLUTE
    _printf_return_value                     0x00000000   Number         0  printf_stubs.o ABSOLUTE
    _printf_sizespec                         0x00000000   Number         0  printf_stubs.o ABSOLUTE
    _printf_widthprec                        0x00000000   Number         0  printf_stubs.o ABSOLUTE
    __ARM_exceptions_init                     - Undefined Weak Reference
    __alloca_initialize                       - Undefined Weak Reference
    __arm_fini_                               - Undefined Weak Reference
    __arm_preinit_                            - Undefined Weak Reference
    __cpp_initialize__aeabi_                  - Undefined Weak Reference
    __cxa_finalize                            - Undefined Weak Reference
    __sigvec_lookup                           - Undefined Weak Reference
    __user_heap_extent                        - Undefined Weak Reference
    _atexit_init                              - Undefined Weak Reference
    _call_atexit_fns                          - Undefined Weak Reference
    _clock_init                               - Undefined Weak Reference
    _fp_trap_init                             - Undefined Weak Reference
    _fp_trap_shutdown                         - Undefined Weak Reference
    _get_lc_collate                           - Undefined Weak Reference
    _get_lc_monetary                          - Undefined Weak Reference
    _get_lc_time                              - Undefined Weak Reference
    _getenv_init                              - Undefined Weak Reference
    _handle_redirection                       - Undefined Weak Reference
    _initio                                   - Undefined Weak Reference
    _mutex_acquire                            - Undefined Weak Reference
    _mutex_free                               - Undefined Weak Reference
    _mutex_release                            - Undefined Weak Reference
    _printf_mbtowc                            - Undefined Weak Reference
    _printf_wc                                - Undefined Weak Reference
    _rand_init                                - Undefined Weak Reference
    _signal_finish                            - Undefined Weak Reference
    _signal_init                              - Undefined Weak Reference
    _terminateio                              - Undefined Weak Reference
    __Vectors_Size                           0x000000ec   Number         0  startup_stm32f10x_ld.o ABSOLUTE
    __Vectors                                0x08000000   Data           4  startup_stm32f10x_ld.o(RESET)
    __Vectors_End                            0x080000ec   Data           0  startup_stm32f10x_ld.o(RESET)
    __main                                   0x080000ed   Thumb Code     8  __main.o(!!!main)
    __scatterload                            0x080000f5   Thumb Code     0  __scatter.o(!!!scatter)
    __scatterload_rt2                        0x080000f5   Thumb Code    44  __scatter.o(!!!scatter)
    __scatterload_rt2_thumb_only             0x080000f5   Thumb Code     0  __scatter.o(!!!scatter)
    __scatterload_null                       0x08000103   Thumb Code     0  __scatter.o(!!!scatter)
    __decompress                             0x08000129   Thumb Code    90  __dczerorl2.o(!!dczerorl2)
    __decompress1                            0x08000129   Thumb Code     0  __dczerorl2.o(!!dczerorl2)
    __scatterload_zeroinit                   0x08000185   Thumb Code    28  __scatter_zi.o(!!handler_zi)
    __rt_lib_init                            0x080001a1   Thumb Code     0  libinit.o(.ARM.Collect$$libinit$$00000000)
    __rt_lib_init_fp_1                       0x080001a3   Thumb Code     0  libinit2.o(.ARM.Collect$$libinit$$00000002)
    __rt_lib_init_heap_2                     0x080001a3   Thumb Code     0  libinit2.o(.ARM.Collect$$libinit$$00000005)
    __rt_lib_init_preinit_1                  0x080001a3   Thumb Code     0  libinit2.o(.ARM.Collect$$libinit$$00000004)
    __rt_lib_init_alloca_1                   0x080001ab   Thumb Code     0  libinit2.o(.ARM.Collect$$libinit$$0000002E)
    __rt_lib_init_argv_1                     0x080001ab   Thumb Code     0  libinit2.o(.ARM.Collect$$libinit$$0000002C)
    __rt_lib_init_atexit_1                   0x080001ab   Thumb Code     0  libinit2.o(.ARM.Collect$$libinit$$0000001B)
    __rt_lib_init_clock_1                    0x080001ab   Thumb Code     0  libinit2.o(.ARM.Collect$$libinit$$00000021)
    __rt_lib_init_cpp_1                      0x080001ab   Thumb Code     0  libinit2.o(.ARM.Collect$$libinit$$00000032)
    __rt_lib_init_exceptions_1               0x080001ab   Thumb Code     0  libinit2.o(.ARM.Collect$$libinit$$00000030)
    __rt_lib_init_fp_trap_1                  0x080001ab   Thumb Code     0  libinit2.o(.ARM.Collect$$libinit$$0000001F)
    __rt_lib_init_getenv_1                   0x080001ab   Thumb Code     0  libinit2.o(.ARM.Collect$$libinit$$00000023)
    __rt_lib_init_heap_1                     0x080001ab   Thumb Code     0  libinit2.o(.ARM.Collect$$libinit$$0000000A)
    __rt_lib_init_lc_collate_1               0x080001ab   Thumb Code     0  libinit2.o(.ARM.Collect$$libinit$$00000011)
    __rt_lib_init_lc_ctype_1                 0x080001ab   Thumb Code     0  libinit2.o(.ARM.Collect$$libinit$$00000013)
    __rt_lib_init_lc_monetary_1              0x080001ab   Thumb Code     0  libinit2.o(.ARM.Collect$$libinit$$00000015)
    __rt_lib_init_lc_numeric_1               0x080001ab   Thumb Code     0  libinit2.o(.ARM.Collect$$libinit$$00000017)
    __rt_lib_init_lc_time_1                  0x080001ab   Thumb Code     0  libinit2.o(.ARM.Collect$$libinit$$00000019)
    __rt_lib_init_rand_1                     0x080001ab   Thumb Code     0  libinit2.o(.ARM.Collect$$libinit$$0000000E)
    __rt_lib_init_return                     0x080001ab   Thumb Code     0  libinit2.o(.ARM.Collect$$libinit$$00000033)
    __rt_lib_init_signal_1                   0x080001ab   Thumb Code     0  libinit2.o(.ARM.Collect$$libinit$$0000001D)
    __rt_lib_init_stdio_1                    0x080001ab   Thumb Code     0  libinit2.o(.ARM.Collect$$libinit$$00000025)
    __rt_lib_init_user_alloc_1               0x080001ab   Thumb Code     0  libinit2.o(.ARM.Collect$$libinit$$0000000C)
    __rt_lib_shutdown                        0x080001ad   Thumb Code     0  libshutdown.o(.ARM.Collect$$libshutdown$$00000000)
    __rt_lib_shutdown_cpp_1                  0x080001af   Thumb Code     0  libshutdown2.o(.ARM.Collect$$libshutdown$$00000004)
    __rt_lib_shutdown_fini_1                 0x080001af   Thumb Code     0  libshutdown2.o(.ARM.Collect$$libshutdown$$00000002)
    __rt_lib_shutdown_fp_trap_1              0x080001af   Thumb Code     0  libshutdown2.o(.ARM.Collect$$libshutdown$$00000009)
    __rt_lib_shutdown_heap_1                 0x080001af   Thumb Code     0  libshutdown2.o(.ARM.Collect$$libshutdown$$00000011)
    __rt_lib_shutdown_return                 0x080001af   Thumb Code     0  libshutdown2.o(.ARM.Collect$$libshutdown$$00000012)
    __rt_lib_shutdown_signal_1               0x080001af   Thumb Code     0  libshutdown2.o(.ARM.Collect$$libshutdown$$0000000C)
    __rt_lib_shutdown_stdio_1                0x080001af   Thumb Code     0  libshutdown2.o(.ARM.Collect$$libshutdown$$00000006)
    __rt_lib_shutdown_user_alloc_1           0x080001af   Thumb Code     0  libshutdown2.o(.ARM.Collect$$libshutdown$$0000000E)
    __rt_entry                               0x080001b1   Thumb Code     0  __rtentry.o(.ARM.Collect$$rtentry$$00000000)
    __rt_entry_presh_1                       0x080001b1   Thumb Code     0  __rtentry2.o(.ARM.Collect$$rtentry$$00000002)
    __rt_entry_sh                            0x080001b1   Thumb Code     0  __rtentry4.o(.ARM.Collect$$rtentry$$00000004)
    __rt_entry_li                            0x080001b7   Thumb Code     0  __rtentry2.o(.ARM.Collect$$rtentry$$0000000A)
    __rt_entry_postsh_1                      0x080001b7   Thumb Code     0  __rtentry2.o(.ARM.Collect$$rtentry$$00000009)
    __rt_entry_main                          0x080001bb   Thumb Code     0  __rtentry2.o(.ARM.Collect$$rtentry$$0000000D)
    __rt_entry_postli_1                      0x080001bb   Thumb Code     0  __rtentry2.o(.ARM.Collect$$rtentry$$0000000C)
    __rt_exit                                0x080001c3   Thumb Code     0  rtexit.o(.ARM.Collect$$rtexit$$00000000)
    __rt_exit_ls                             0x080001c5   Thumb Code     0  rtexit2.o(.ARM.Collect$$rtexit$$00000003)
    __rt_exit_prels_1                        0x080001c5   Thumb Code     0  rtexit2.o(.ARM.Collect$$rtexit$$00000002)
    __rt_exit_exit                           0x080001c9   Thumb Code     0  rtexit2.o(.ARM.Collect$$rtexit$$00000004)
    SVC_Handler                              0x080001d1   Thumb Code    32  port.o(.emb_text)
    __asm___6_port_c_39a90d8d__prvStartFirstTask 0x080001f5   Thumb Code    28  port.o(.emb_text)
    PendSV_Handler                           0x08000215   Thumb Code    72  port.o(.emb_text)
    vPortGetIPSR                             0x08000261   Thumb Code     6  port.o(.emb_text)
    Reset_Handler                            0x08000269   Thumb Code     8  startup_stm32f10x_ld.o(.text)
    _maybe_terminate_alloc                   0x08000269   Thumb Code     0  maybetermalloc1.o(.emb_text)
    ADC1_2_IRQHandler                        0x08000283   Thumb Code     0  startup_stm32f10x_ld.o(.text)
    CAN1_RX1_IRQHandler                      0x08000283   Thumb Code     0  startup_stm32f10x_ld.o(.text)
    CAN1_SCE_IRQHandler                      0x08000283   Thumb Code     0  startup_stm32f10x_ld.o(.text)
    DMA1_Channel1_IRQHandler                 0x08000283   Thumb Code     0  startup_stm32f10x_ld.o(.text)
    DMA1_Channel2_IRQHandler                 0x08000283   Thumb Code     0  startup_stm32f10x_ld.o(.text)
    DMA1_Channel3_IRQHandler                 0x08000283   Thumb Code     0  startup_stm32f10x_ld.o(.text)
    DMA1_Channel4_IRQHandler                 0x08000283   Thumb Code     0  startup_stm32f10x_ld.o(.text)
    DMA1_Channel5_IRQHandler                 0x08000283   Thumb Code     0  startup_stm32f10x_ld.o(.text)
    DMA1_Channel6_IRQHandler                 0x08000283   Thumb Code     0  startup_stm32f10x_ld.o(.text)
    DMA1_Channel7_IRQHandler                 0x08000283   Thumb Code     0  startup_stm32f10x_ld.o(.text)
    EXTI0_IRQHandler                         0x08000283   Thumb Code     0  startup_stm32f10x_ld.o(.text)
    EXTI15_10_IRQHandler                     0x08000283   Thumb Code     0  startup_stm32f10x_ld.o(.text)
    EXTI1_IRQHandler                         0x08000283   Thumb Code     0  startup_stm32f10x_ld.o(.text)
    EXTI2_IRQHandler                         0x08000283   Thumb Code     0  startup_stm32f10x_ld.o(.text)
    EXTI3_IRQHandler                         0x08000283   Thumb Code     0  startup_stm32f10x_ld.o(.text)
    EXTI4_IRQHandler                         0x08000283   Thumb Code     0  startup_stm32f10x_ld.o(.text)
    EXTI9_5_IRQHandler                       0x08000283   Thumb Code     0  startup_stm32f10x_ld.o(.text)
    FLASH_IRQHandler                         0x08000283   Thumb Code     0  startup_stm32f10x_ld.o(.text)
    I2C1_ER_IRQHandler                       0x08000283   Thumb Code     0  startup_stm32f10x_ld.o(.text)
    I2C1_EV_IRQHandler                       0x08000283   Thumb Code     0  startup_stm32f10x_ld.o(.text)
    PVD_IRQHandler                           0x08000283   Thumb Code     0  startup_stm32f10x_ld.o(.text)
    RCC_IRQHandler                           0x08000283   Thumb Code     0  startup_stm32f10x_ld.o(.text)
    RTCAlarm_IRQHandler                      0x08000283   Thumb Code     0  startup_stm32f10x_ld.o(.text)
    RTC_IRQHandler                           0x08000283   Thumb Code     0  startup_stm32f10x_ld.o(.text)
    SPI1_IRQHandler                          0x08000283   Thumb Code     0  startup_stm32f10x_ld.o(.text)
    TAMPER_IRQHandler                        0x08000283   Thumb Code     0  startup_stm32f10x_ld.o(.text)
    TIM1_BRK_IRQHandler                      0x08000283   Thumb Code     0  startup_stm32f10x_ld.o(.text)
    TIM1_CC_IRQHandler                       0x08000283   Thumb Code     0  startup_stm32f10x_ld.o(.text)
    TIM1_TRG_COM_IRQHandler                  0x08000283   Thumb Code     0  startup_stm32f10x_ld.o(.text)
    TIM1_UP_IRQHandler                       0x08000283   Thumb Code     0  startup_stm32f10x_ld.o(.text)
    TIM3_IRQHandler                          0x08000283   Thumb Code     0  startup_stm32f10x_ld.o(.text)
    USART1_IRQHandler                        0x08000283   Thumb Code     0  startup_stm32f10x_ld.o(.text)
    USART2_IRQHandler                        0x08000283   Thumb Code     0  startup_stm32f10x_ld.o(.text)
    USBWakeUp_IRQHandler                     0x08000283   Thumb Code     0  startup_stm32f10x_ld.o(.text)
    USB_HP_CAN1_TX_IRQHandler                0x08000283   Thumb Code     0  startup_stm32f10x_ld.o(.text)
    USB_LP_CAN1_RX0_IRQHandler               0x08000283   Thumb Code     0  startup_stm32f10x_ld.o(.text)
    WWDG_IRQHandler                          0x08000283   Thumb Code     0  startup_stm32f10x_ld.o(.text)
    __user_initial_stackheap                 0x08000285   Thumb Code     0  startup_stm32f10x_ld.o(.text)
    malloc                                   0x080002a9   Thumb Code    94  h1_alloc.o(.text)
    __aeabi_memset                           0x08000307   Thumb Code    16  aeabi_memset.o(.text)
    __aeabi_memclr                           0x08000317   Thumb Code     0  rt_memclr.o(.text)
    __rt_memclr                              0x08000317   Thumb Code    68  rt_memclr.o(.text)
    _memset                                  0x0800031b   Thumb Code     0  rt_memclr.o(.text)
    __aeabi_memclr4                          0x0800035b   Thumb Code     0  rt_memclr_w.o(.text)
    __aeabi_memclr8                          0x0800035b   Thumb Code     0  rt_memclr_w.o(.text)
    __rt_memclr_w                            0x0800035b   Thumb Code    78  rt_memclr_w.o(.text)
    _memset_w                                0x0800035f   Thumb Code     0  rt_memclr_w.o(.text)
    __use_two_region_memory                  0x080003a9   Thumb Code     2  heapauxi.o(.text)
    __rt_heap_escrow                         0x080003ab   Thumb Code     2  heapauxi.o(.text)
    __rt_heap_expand                         0x080003ad   Thumb Code     2  heapauxi.o(.text)
    __rt_heap_descriptor                     0x080003b1   Thumb Code     8  rt_heap_descriptor_intlibspace.o(.text)
    __use_no_heap                            0x080003b9   Thumb Code     2  hguard.o(.text)
    __heap$guard                             0x080003bb   Thumb Code     2  hguard.o(.text)
    _terminate_user_alloc                    0x080003bd   Thumb Code     2  init_alloc.o(.text)
    _init_user_alloc                         0x080003bf   Thumb Code     2  init_alloc.o(.text)
    __Heap_Full                              0x080003c1   Thumb Code    34  init_alloc.o(.text)
    __Heap_Broken                            0x080003e3   Thumb Code     6  init_alloc.o(.text)
    _init_alloc                              0x080003e9   Thumb Code    94  init_alloc.o(.text)
    __Heap_Initialize                        0x08000447   Thumb Code    10  h1_init.o(.text)
    __Heap_DescSize                          0x08000451   Thumb Code     4  h1_init.o(.text)
    free                                     0x08000455   Thumb Code    78  h1_free.o(.text)
    __read_errno                             0x080004a3   Thumb Code    10  _rserrno.o(.text)
    __set_errno                              0x080004ad   Thumb Code    12  _rserrno.o(.text)
    __user_libspace                          0x080004b9   Thumb Code     8  libspace.o(.text)
    __user_perproc_libspace                  0x080004b9   Thumb Code     0  libspace.o(.text)
    __user_perthread_libspace                0x080004b9   Thumb Code     0  libspace.o(.text)
    __aeabi_errno_addr                       0x080004c1   Thumb Code     8  rt_errno_addr_intlibspace.o(.text)
    __errno$intlibspace                      0x080004c1   Thumb Code     0  rt_errno_addr_intlibspace.o(.text)
    __rt_errno_addr$intlibspace              0x080004c1   Thumb Code     0  rt_errno_addr_intlibspace.o(.text)
    __Heap_ProvideMemory                     0x080004c9   Thumb Code    52  h1_extend.o(.text)
    __rt_SIGRTMEM                            0x080004fd   Thumb Code    14  defsig_rtmem_outer.o(.text)
    __I$use$semihosting                      0x0800050b   Thumb Code     0  use_no_semi.o(.text)
    __use_no_semihosting_swi                 0x0800050b   Thumb Code     2  use_no_semi.o(.text)
    __semihosting_library_function           0x0800050d   Thumb Code     0  indicate_semi.o(.text)
    __user_setup_stackheap                   0x0800050d   Thumb Code    74  sys_stackheap_outer.o(.text)
    exit                                     0x08000557   Thumb Code    18  exit.o(.text)
    __sig_exit                               0x08000569   Thumb Code    10  defsig_exit.o(.text)
    __rt_SIGRTMEM_inner                      0x08000575   Thumb Code    22  defsig_rtmem_inner.o(.text)
    _sys_exit                                0x080005c5   Thumb Code     8  sys_exit.o(.text)
    __default_signal_display                 0x080005d1   Thumb Code    50  defsig_general.o(.text)
    _ttywrch                                 0x08000603   Thumb Code    14  sys_wrch.o(.text)
    Build_ControlPro                         0x08000611   Thumb Code    40  build.o(i.Build_ControlPro)
    Build_HomeControl                        0x0800063d   Thumb Code    20  build.o(i.Build_HomeControl)
    Build_HomeControl_KEYevent               0x08000659   Thumb Code   210  build.o(i.Build_HomeControl_KEYevent)
    Build_Limit                              0x08000749   Thumb Code    22  build.o(i.Build_Limit)
    Build_MenuControl                        0x08000761   Thumb Code    32  build.o(i.Build_MenuControl)
    Build_MenuControl_KEYevent               0x08000789   Thumb Code   226  build.o(i.Build_MenuControl_KEYevent)
    Build_ModuleControl                      0x0800087d   Thumb Code    12  build.o(i.Build_ModuleControl)
    Build_ModuleControl_KEYevent             0x08000889   Thumb Code    44  build.o(i.Build_ModuleControl_KEYevent)
    Build_ModuleControl_SelectDisplay        0x080008b9   Thumb Code   132  build.o(i.Build_ModuleControl_SelectDisplay)
    Build_ModuleControl_Slider_KEYevent      0x08000945   Thumb Code   194  build.o(i.Build_ModuleControl_Slider_KEYevent)
    Build_ModuleControl_Slider_KEYevent_INCREASE 0x08000a15   Thumb Code    88  build.o(i.Build_ModuleControl_Slider_KEYevent_INCREASE)
    Build_ModuleControl_Slider_KEYevent_REDUCE 0x08000a75   Thumb Code    88  build.o(i.Build_ModuleControl_Slider_KEYevent_REDUCE)
    Build_ModuleControl_Switch_KEYevent      0x08000ad5   Thumb Code   116  build.o(i.Build_ModuleControl_Switch_KEYevent)
    Build_ModuleControl_View_KEYevent        0x08000b51   Thumb Code   108  build.o(i.Build_ModuleControl_View_KEYevent)
    Build_Select_NormalPage                  0x08000bc1   Thumb Code    18  build.o(i.Build_Select_NormalPage)
    Build_SetValue                           0x08000bd9   Thumb Code     4  build.o(i.Build_SetValue)
    BusFault_Handler                         0x08000bdd   Thumb Code     4  stm32f10x_it.o(i.BusFault_Handler)
    DebugMon_Handler                         0x08000be1   Thumb Code     2  stm32f10x_it.o(i.DebugMon_Handler)
    GPIO_FAN_Init                            0x08000be5   Thumb Code    40  gpio.o(i.GPIO_FAN_Init)
    GPIO_Init                                0x08000c11   Thumb Code   278  stm32f10x_gpio.o(i.GPIO_Init)
    GPIO_InitPro                             0x08000d27   Thumb Code    16  gpio.o(i.GPIO_InitPro)
    GPIO_KEY_Init                            0x08000d39   Thumb Code    98  gpio.o(i.GPIO_KEY_Init)
    GPIO_ReadInputDataBit                    0x08000da5   Thumb Code    18  stm32f10x_gpio.o(i.GPIO_ReadInputDataBit)
    GPIO_RetState_KEY1                       0x08000db9   Thumb Code    12  gpio.o(i.GPIO_RetState_KEY1)
    GPIO_RetState_KEY2                       0x08000dc9   Thumb Code    12  gpio.o(i.GPIO_RetState_KEY2)
    GPIO_RetState_KEY3                       0x08000dd9   Thumb Code    12  gpio.o(i.GPIO_RetState_KEY3)
    GPIO_WS2812_Init                         0x08000de9   Thumb Code    40  gpio.o(i.GPIO_WS2812_Init)
    GPIO_WriteBit                            0x08000e15   Thumb Code    10  stm32f10x_gpio.o(i.GPIO_WriteBit)
    HardFault_Handler                        0x08000e1f   Thumb Code     4  stm32f10x_it.o(i.HardFault_Handler)
    KEY1_Scanf                               0x08000e23   Thumb Code    76  key.o(i.KEY1_Scanf)
    KEY2_Scanf                               0x08000e6f   Thumb Code    76  key.o(i.KEY2_Scanf)
    KEY3_Scanf                               0x08000ebb   Thumb Code    76  key.o(i.KEY3_Scanf)
    KEY_ClearState                           0x08000f07   Thumb Code    52  key.o(i.KEY_ClearState)
    KEY_RetState                             0x08000f3d   Thumb Code    38  key.o(i.KEY_RetState)
    KEY_SetState                             0x08000f71   Thumb Code    36  key.o(i.KEY_SetState)
    MemManage_Handler                        0x08000fa1   Thumb Code     4  stm32f10x_it.o(i.MemManage_Handler)
    Menu_CreateHomeHead                      0x08000fa5   Thumb Code    20  menu.o(i.Menu_CreateHomeHead)
    Menu_CreateHomeItem                      0x08000fb9   Thumb Code    42  menu.o(i.Menu_CreateHomeItem)
    Menu_CreateItem                          0x08000fe3   Thumb Code    54  menu.o(i.Menu_CreateItem)
    Menu_CreateMenuHead                      0x08001019   Thumb Code    24  menu.o(i.Menu_CreateMenuHead)
    Menu_CreateSliderItem                    0x08001031   Thumb Code    72  menu.o(i.Menu_CreateSliderItem)
    Menu_CreateSliderModule                  0x08001079   Thumb Code    50  menu.o(i.Menu_CreateSliderModule)
    Menu_CreateSwitchItem                    0x080010ab   Thumb Code    52  menu.o(i.Menu_CreateSwitchItem)
    Menu_CreateViewItem                      0x080010df   Thumb Code    60  menu.o(i.Menu_CreateViewItem)
    Menu_CreateViewModule                    0x0800111b   Thumb Code    28  menu.o(i.Menu_CreateViewModule)
    Menu_GetHomeEndItem                      0x08001137   Thumb Code    16  menu.o(i.Menu_GetHomeEndItem)
    Menu_GetHomeMaxItem                      0x08001147   Thumb Code    20  menu.o(i.Menu_GetHomeMaxItem)
    Menu_GetMenuEndItem                      0x0800115b   Thumb Code    16  menu.o(i.Menu_GetMenuEndItem)
    Menu_GetMenuMaxItem                      0x0800116b   Thumb Code    20  menu.o(i.Menu_GetMenuMaxItem)
    Menu_Include_HomeItem                    0x0800117f   Thumb Code    24  menu.o(i.Menu_Include_HomeItem)
    Menu_Include_MenuItem                    0x08001197   Thumb Code    24  menu.o(i.Menu_Include_MenuItem)
    Menu_RetHomeItem                         0x080011af   Thumb Code    44  menu.o(i.Menu_RetHomeItem)
    Menu_RetMenuItem                         0x080011db   Thumb Code    44  menu.o(i.Menu_RetMenuItem)
    Mneu_CreateSwitchModule                  0x08001207   Thumb Code    24  menu.o(i.Mneu_CreateSwitchModule)
    MyMenu_Calculate_MaxItem                 0x08001221   Thumb Code    40  mymenu.o(i.MyMenu_Calculate_MaxItem)
    MyMenu_Create_HomeItem                   0x08001261   Thumb Code    64  mymenu.o(i.MyMenu_Create_HomeItem)
    MyMenu_Create_MenuItem                   0x080012c5   Thumb Code    16  mymenu.o(i.MyMenu_Create_MenuItem)
    MyMenu_Create_MenuItem_Fan               0x080012d5   Thumb Code    72  mymenu.o(i.MyMenu_Create_MenuItem_Fan)
    MyMenu_Create_MenuItem_System            0x08001349   Thumb Code   144  mymenu.o(i.MyMenu_Create_MenuItem_System)
    MyMenu_InitPro                           0x0800142d   Thumb Code    20  mymenu.o(i.MyMenu_InitPro)
    NMI_Handler                              0x08001445   Thumb Code     2  stm32f10x_it.o(i.NMI_Handler)
    NVIC_Init                                0x08001449   Thumb Code   100  misc.o(i.NVIC_Init)
    NVIC_PriorityGroupConfig                 0x080014b9   Thumb Code    10  misc.o(i.NVIC_PriorityGroupConfig)
    OLED_Clear                               0x080014cd   Thumb Code    36  oled.o(i.OLED_Clear)
    OLED_ClearArea                           0x080014f5   Thumb Code   162  oled.o(i.OLED_ClearArea)
    OLED_DrawPoint                           0x0800159d   Thumb Code    74  oled.o(i.OLED_DrawPoint)
    OLED_DrawRectangle                       0x080015ed   Thumb Code   142  oled.o(i.OLED_DrawRectangle)
    OLED_GPIO_Init                           0x0800167d   Thumb Code    88  oled.o(i.OLED_GPIO_Init)
    OLED_I2C_SendByte                        0x080016d9   Thumb Code    62  oled.o(i.OLED_I2C_SendByte)
    OLED_I2C_Start                           0x08001717   Thumb Code    28  oled.o(i.OLED_I2C_Start)
    OLED_I2C_Stop                            0x08001733   Thumb Code    22  oled.o(i.OLED_I2C_Stop)
    OLED_Init                                0x08001749   Thumb Code   154  oled.o(i.OLED_Init)
    OLED_Pow                                 0x080017e3   Thumb Code    20  oled.o(i.OLED_Pow)
    OLED_SetCursor                           0x080017f7   Thumb Code    34  oled.o(i.OLED_SetCursor)
    OLED_ShowChar                            0x08001819   Thumb Code    74  oled.o(i.OLED_ShowChar)
    OLED_ShowImage                           0x0800186d   Thumb Code   296  oled.o(i.OLED_ShowImage)
    OLED_ShowNum                             0x08001999   Thumb Code    76  oled.o(i.OLED_ShowNum)
    OLED_ShowSignedNum                       0x080019e5   Thumb Code   112  oled.o(i.OLED_ShowSignedNum)
    OLED_ShowString                          0x08001a55   Thumb Code    46  oled.o(i.OLED_ShowString)
    OLED_Update                              0x08001a85   Thumb Code    44  oled.o(i.OLED_Update)
    OLED_W_SCL                               0x08001ab5   Thumb Code    16  oled.o(i.OLED_W_SCL)
    OLED_W_SDA                               0x08001ac9   Thumb Code    16  oled.o(i.OLED_W_SDA)
    OLED_WriteCommand                        0x08001add   Thumb Code    32  oled.o(i.OLED_WriteCommand)
    OLED_WriteData                           0x08001afd   Thumb Code    46  oled.o(i.OLED_WriteData)
    RCC_APB1PeriphClockCmd                   0x08001b2d   Thumb Code    26  stm32f10x_rcc.o(i.RCC_APB1PeriphClockCmd)
    RCC_APB2PeriphClockCmd                   0x08001b4d   Thumb Code    26  stm32f10x_rcc.o(i.RCC_APB2PeriphClockCmd)
    SysTick_Handler                          0x08001c55   Thumb Code    46  port.o(i.SysTick_Handler)
    SystemInit                               0x08001c89   Thumb Code    78  system_stm32f10x.o(i.SystemInit)
    TASK1                                    0x08001ce9   Thumb Code     8  mytask.o(i.TASK1)
    TASK10                                   0x08001cf1   Thumb Code     4  mytask.o(i.TASK10)
    TASK11                                   0x08001cf5   Thumb Code     4  mytask.o(i.TASK11)
    TASK12                                   0x08001cf9   Thumb Code     4  mytask.o(i.TASK12)
    TASK13                                   0x08001cfd   Thumb Code     4  mytask.o(i.TASK13)
    TASK14                                   0x08001d01   Thumb Code     4  mytask.o(i.TASK14)
    TASK15                                   0x08001d05   Thumb Code     4  mytask.o(i.TASK15)
    TASK2                                    0x08001d09   Thumb Code     8  mytask.o(i.TASK2)
    TASK3                                    0x08001d11   Thumb Code     8  mytask.o(i.TASK3)
    TASK4                                    0x08001d19   Thumb Code    32  mytask.o(i.TASK4)
    TASK5                                    0x08001d41   Thumb Code     4  mytask.o(i.TASK5)
    TASK6                                    0x08001d45   Thumb Code     4  mytask.o(i.TASK6)
    TASK7                                    0x08001d49   Thumb Code     4  mytask.o(i.TASK7)
    TASK8                                    0x08001d4d   Thumb Code     4  mytask.o(i.TASK8)
    TASK9                                    0x08001d51   Thumb Code     4  mytask.o(i.TASK9)
    TASK_InitPro                             0x08001d55   Thumb Code    36  mytask.o(i.TASK_InitPro)
    TIM2_IRQHandler                          0x08001d8d   Thumb Code    38  delay.o(i.TIM2_IRQHandler)
    TIM_ARRPreloadConfig                     0x08001db9   Thumb Code    24  stm32f10x_tim.o(i.TIM_ARRPreloadConfig)
    TIM_ClearFlag                            0x08001dd1   Thumb Code     6  stm32f10x_tim.o(i.TIM_ClearFlag)
    TIM_ClearITPendingBit                    0x08001dd7   Thumb Code     6  stm32f10x_tim.o(i.TIM_ClearITPendingBit)
    TIM_Cmd                                  0x08001ddd   Thumb Code    24  stm32f10x_tim.o(i.TIM_Cmd)
    TIM_CtrlPWMOutputs                       0x08001df5   Thumb Code    30  stm32f10x_tim.o(i.TIM_CtrlPWMOutputs)
    TIM_Delay_Init                           0x08001e13   Thumb Code   110  tim.o(i.TIM_Delay_Init)
    TIM_FAN_Init                             0x08001e81   Thumb Code   118  tim.o(i.TIM_FAN_Init)
    TIM_GetITStatus                          0x08001efd   Thumb Code    34  stm32f10x_tim.o(i.TIM_GetITStatus)
    TIM_ITConfig                             0x08001f1f   Thumb Code    18  stm32f10x_tim.o(i.TIM_ITConfig)
    TIM_InitPro                              0x08001f31   Thumb Code    12  tim.o(i.TIM_InitPro)
    TIM_OC1PreloadConfig                     0x08001f3d   Thumb Code    18  stm32f10x_tim.o(i.TIM_OC1PreloadConfig)
    TIM_OC2Init                              0x08001f51   Thumb Code   154  stm32f10x_tim.o(i.TIM_OC2Init)
    TIM_SetCounter                           0x08001ff5   Thumb Code     4  stm32f10x_tim.o(i.TIM_SetCounter)
    TIM_TimeBaseInit                         0x08001ff9   Thumb Code   122  stm32f10x_tim.o(i.TIM_TimeBaseInit)
    Task_Start                               0x0800209d   Thumb Code   320  mytask.o(i.Task_Start)
    UI_Display_Home                          0x080022cd   Thumb Code   132  ui.o(i.UI_Display_Home)
    UI_Display_Menu                          0x08002355   Thumb Code   480  ui.o(i.UI_Display_Menu)
    UI_Display_SliderModule                  0x08002541   Thumb Code   388  ui.o(i.UI_Display_SliderModule)
    UI_Display_SwitchModule                  0x080026e5   Thumb Code   108  ui.o(i.UI_Display_SwitchModule)
    UI_Display_ViewModule                    0x08002759   Thumb Code    94  ui.o(i.UI_Display_ViewModule)
    UsageFault_Handler                       0x080027d1   Thumb Code     4  stm32f10x_it.o(i.UsageFault_Handler)
    __kernel_poly                            0x080027d5   Thumb Code   170  poly.o(i.__kernel_poly)
    __mathlib_dbl_divzero                    0x08002881   Thumb Code    12  dunder.o(i.__mathlib_dbl_divzero)
    __mathlib_dbl_infnan                     0x08002891   Thumb Code     6  dunder.o(i.__mathlib_dbl_infnan)
    __mathlib_dbl_invalid                    0x08002897   Thumb Code    12  dunder.o(i.__mathlib_dbl_invalid)
    digitLength                              0x080028a3   Thumb Code    60  ui.o(i.digitLength)
    floor                                    0x080028e1   Thumb Code   204  floor.o(i.floor)
    log                                      0x080029bd   Thumb Code   808  log.o(i.log)
    log10                                    0x08002d19   Thumb Code   198  log10.o(i.log10)
    main                                     0x08002dfd   Thumb Code    22  main.o(i.main)
    pvPortMalloc                             0x0800324d   Thumb Code   208  heap_4.o(i.pvPortMalloc)
    pxPortInitialiseStack                    0x08003331   Thumb Code    30  port.o(i.pxPortInitialiseStack)
    uxListRemove                             0x08003355   Thumb Code    40  list.o(i.uxListRemove)
    vListInitialise                          0x0800337d   Thumb Code    26  list.o(i.vListInitialise)
    vListInitialiseItem                      0x08003397   Thumb Code     6  list.o(i.vListInitialiseItem)
    vListInsert                              0x0800339d   Thumb Code    52  list.o(i.vListInsert)
    vListInsertEnd                           0x080033d1   Thumb Code    24  list.o(i.vListInsertEnd)
    vPortEnterCritical                       0x080033e9   Thumb Code    30  port.o(i.vPortEnterCritical)
    vPortExitCritical                        0x0800340d   Thumb Code    28  port.o(i.vPortExitCritical)
    vPortFree                                0x0800342d   Thumb Code    68  heap_4.o(i.vPortFree)
    vPortSetupTimerInterrupt                 0x08003479   Thumb Code    20  port.o(i.vPortSetupTimerInterrupt)
    vTaskDelay                               0x08003491   Thumb Code    46  tasks.o(i.vTaskDelay)
    vTaskDelete                              0x080034c5   Thumb Code   174  tasks.o(i.vTaskDelete)
    vTaskStartScheduler                      0x08003599   Thumb Code    76  tasks.o(i.vTaskStartScheduler)
    vTaskSuspendAll                          0x08003605   Thumb Code    12  tasks.o(i.vTaskSuspendAll)
    vTaskSwitchContext                       0x08003615   Thumb Code    76  tasks.o(i.vTaskSwitchContext)
    xPortStartScheduler                      0x08003675   Thumb Code    42  port.o(i.xPortStartScheduler)
    xTaskCreate                              0x080036a9   Thumb Code   104  tasks.o(i.xTaskCreate)
    xTaskIncrementTick                       0x08003711   Thumb Code   356  tasks.o(i.xTaskIncrementTick)
    xTaskResumeAll                           0x080038a1   Thumb Code   310  tasks.o(i.xTaskResumeAll)
    __aeabi_dadd                             0x080039fd   Thumb Code     0  daddsub_clz.o(x$fpl$dadd)
    _dadd                                    0x080039fd   Thumb Code   332  daddsub_clz.o(x$fpl$dadd)
    __fpl_dcheck_NaN1                        0x08003b4d   Thumb Code    10  dcheck1.o(x$fpl$dcheck1)
    __fpl_dcmp_Inf                           0x08003b5d   Thumb Code    24  dcmpi.o(x$fpl$dcmpinf)
    __aeabi_ddiv                             0x08003b75   Thumb Code     0  ddiv.o(x$fpl$ddiv)
    _ddiv                                    0x08003b75   Thumb Code   552  ddiv.o(x$fpl$ddiv)
    __aeabi_cdcmpeq                          0x08003e25   Thumb Code     0  deqf.o(x$fpl$deqf)
    _dcmpeq                                  0x08003e25   Thumb Code   120  deqf.o(x$fpl$deqf)
    __aeabi_d2iz                             0x08003e9d   Thumb Code     0  dfix.o(x$fpl$dfix)
    _dfix                                    0x08003e9d   Thumb Code    94  dfix.o(x$fpl$dfix)
    __aeabi_d2uiz                            0x08003efd   Thumb Code     0  dfixu.o(x$fpl$dfixu)
    _dfixu                                   0x08003efd   Thumb Code    90  dfixu.o(x$fpl$dfixu)
    __aeabi_i2d                              0x08003f57   Thumb Code     0  dflt_clz.o(x$fpl$dflt)
    _dflt                                    0x08003f57   Thumb Code    46  dflt_clz.o(x$fpl$dflt)
    __aeabi_cdcmple                          0x08003f85   Thumb Code     0  dleqf.o(x$fpl$dleqf)
    _dcmple                                  0x08003f85   Thumb Code   120  dleqf.o(x$fpl$dleqf)
    __fpl_dcmple_InfNaN                      0x08003fe7   Thumb Code     0  dleqf.o(x$fpl$dleqf)
    __aeabi_dmul                             0x08003ffd   Thumb Code     0  dmul.o(x$fpl$dmul)
    _dmul                                    0x08003ffd   Thumb Code   332  dmul.o(x$fpl$dmul)
    __fpl_dnaninf                            0x08004151   Thumb Code   156  dnaninf.o(x$fpl$dnaninf)
    __fpl_dretinf                            0x080041ed   Thumb Code    12  dretinf.o(x$fpl$dretinf)
    __aeabi_cdrcmple                         0x080041f9   Thumb Code     0  drleqf.o(x$fpl$drleqf)
    _drcmple                                 0x080041f9   Thumb Code   108  drleqf.o(x$fpl$drleqf)
    __aeabi_drsub                            0x08004265   Thumb Code     0  daddsub_clz.o(x$fpl$drsb)
    _drsb                                    0x08004265   Thumb Code    22  daddsub_clz.o(x$fpl$drsb)
    __aeabi_dsub                             0x0800427d   Thumb Code     0  daddsub_clz.o(x$fpl$dsub)
    _dsub                                    0x0800427d   Thumb Code   464  daddsub_clz.o(x$fpl$dsub)
    __aeabi_f2d                              0x08004451   Thumb Code     0  f2d.o(x$fpl$f2d)
    _f2d                                     0x08004451   Thumb Code    86  f2d.o(x$fpl$f2d)
    __aeabi_fdiv                             0x080044a9   Thumb Code     0  fdiv.o(x$fpl$fdiv)
    _fdiv                                    0x080044a9   Thumb Code   384  fdiv.o(x$fpl$fdiv)
    __aeabi_i2f                              0x0800462d   Thumb Code     0  fflt_clz.o(x$fpl$fflt)
    _fflt                                    0x0800462d   Thumb Code    48  fflt_clz.o(x$fpl$fflt)
    __fpl_fnaninf                            0x0800465d   Thumb Code   140  fnaninf.o(x$fpl$fnaninf)
    __fpl_fretinf                            0x080046e9   Thumb Code    10  fretinf.o(x$fpl$fretinf)
    __fpl_return_NaN                         0x080046f3   Thumb Code   100  retnan.o(x$fpl$retnan)
    __ARM_scalbn                             0x08004757   Thumb Code    92  scalbn.o(x$fpl$scalbn)
    __fpl_cmpreturn                          0x080047b3   Thumb Code    48  trapv.o(x$fpl$trapveneer)
    OLED_F8x16                               0x080047e2   Data        1520  oled_data.o(.constdata)
    __I$use$fp                               0x080047e2   Number         0  usenofp.o(x$fpl$usenofp)
    OLED_F6x8                                0x08004dd2   Data         570  oled_data.o(.constdata)
    OLED_CF16x16                             0x0800500c   Data         252  oled_data.o(.constdata)
    Diode                                    0x08005108   Data          32  oled_data.o(.constdata)
    OLEDData_Icon_Welcome                    0x08005128   Data         175  oled_data.o(.constdata)
    OLEDData_Icon_LEDfront                   0x080051d7   Data          60  oled_data.o(.constdata)
    OLEDData_Icon_LEDbottom                  0x08005213   Data          60  oled_data.o(.constdata)
    OLEDData_Icon_UltraSound                 0x0800524f   Data          60  oled_data.o(.constdata)
    OLEDData_Icon_Speed                      0x0800528b   Data          60  oled_data.o(.constdata)
    OLEDData_Icon_Cruise                     0x080052c7   Data          60  oled_data.o(.constdata)
    OLEDData_Icon_Display                    0x08005303   Data          60  oled_data.o(.constdata)
    OLEDData_Icon_Brightness                 0x0800533f   Data          60  oled_data.o(.constdata)
    OLEDData_Icon_DirLR                      0x0800537b   Data          60  oled_data.o(.constdata)
    OLEDData_Icon_DirTB                      0x080053b7   Data          60  oled_data.o(.constdata)
    OLEDData_Icon_FreeHeap                   0x080053f3   Data          60  oled_data.o(.constdata)
    OLEDData_Icon_Manual                     0x0800542f   Data          60  oled_data.o(.constdata)
    OLEDData_Icon_Home_System                0x0800546b   Data         400  oled_data.o(.constdata)
    OLEDData_Icon_Home_Light                 0x080055fb   Data         400  oled_data.o(.constdata)
    OLEDData_Icon_Home_RemoteControl         0x0800578b   Data         400  oled_data.o(.constdata)
    OLEDData_Icon_Home_Sensor                0x0800591b   Data         400  oled_data.o(.constdata)
    OLEDData_Icon_Home_Cruise                0x08005aab   Data         400  oled_data.o(.constdata)
    OLEDData_Icon_Home_Circle                0x08005c3b   Data         400  oled_data.o(.constdata)
    OLEDData_Icon_Home_Normal                0x08005dcb   Data         400  oled_data.o(.constdata)
    OLEDData_Icon_Request                    0x08005f5b   Data         200  oled_data.o(.constdata)
    OLEDData_Icon_RequestSuccess             0x08006023   Data         200  oled_data.o(.constdata)
    OLEDData_Icon_RequestFail                0x080060eb   Data         200  oled_data.o(.constdata)
    OLEDData_ManualCorner                    0x080061b3   Data           6  oled_data.o(.constdata)
    OLEDData_ManualLeft                      0x080061b9   Data          60  oled_data.o(.constdata)
    OLEDData_ManualRitght                    0x080061f5   Data          60  oled_data.o(.constdata)
    OLEDData_ManualFront                     0x08006231   Data          60  oled_data.o(.constdata)
    OLEDData_ManualRear                      0x0800626d   Data          60  oled_data.o(.constdata)
    OLEDData_Exit                            0x080062a9   Data         200  oled_data.o(.constdata)
    OLEDData_Into                            0x08006371   Data         200  oled_data.o(.constdata)
    __mathlib_zero                           0x08006478   Data           8  qnan.o(.constdata)
    Region$$Table$$Base                      0x08006480   Number         0  anon$$obj.o(Region$$Table)
    Region$$Table$$Limit                     0x080064a0   Number         0  anon$$obj.o(Region$$Table)
    KEY1_State                               0x20000000   Data           1  key.o(.data)
    KEY2_State                               0x20000001   Data           1  key.o(.data)
    KEY3_State                               0x20000002   Data           1  key.o(.data)
    Delay_Finish                             0x20000003   Data           1  delay.o(.data)
    TASK1_Handler                            0x20000004   Data           4  mytask.o(.data)
    TASK2_Handler                            0x20000008   Data           4  mytask.o(.data)
    TASK3_Handler                            0x2000000c   Data           4  mytask.o(.data)
    TASK4_Handler                            0x20000010   Data           4  mytask.o(.data)
    TASK5_Handler                            0x20000014   Data           4  mytask.o(.data)
    TASK6_Handler                            0x20000018   Data           4  mytask.o(.data)
    TASK7_Handler                            0x2000001c   Data           4  mytask.o(.data)
    TASK8_Handler                            0x20000020   Data           4  mytask.o(.data)
    TASK9_Handler                            0x20000024   Data           4  mytask.o(.data)
    TASK10_Handler                           0x20000028   Data           4  mytask.o(.data)
    TASK11_Handler                           0x2000002c   Data           4  mytask.o(.data)
    TASK12_Handler                           0x20000030   Data           4  mytask.o(.data)
    TASK13_Handler                           0x20000034   Data           4  mytask.o(.data)
    TASK14_Handler                           0x20000038   Data           4  mytask.o(.data)
    TASK15_Handler                           0x2000003c   Data           4  mytask.o(.data)
    TASK_START_Handler                       0x20000040   Data           4  mytask.o(.data)
    Build_CNT_HomeItem                       0x20000044   Data           1  build.o(.data)
    Build_CNT_MenuItem                       0x20000045   Data           1  build.o(.data)
    Build_CNT_SliderItem                     0x20000046   Data           1  build.o(.data)
    Build_NowPage                            0x20000047   Data           1  build.o(.data)
    Build_NowHomeItem                        0x20000048   Data           4  build.o(.data)
    Build_NowMenuItem                        0x2000004c   Data           4  build.o(.data)
    Name_Fan_State                           0x20000050   Data           9  mymenu.o(.data)
    Name_Fan_Speed                           0x20000059   Data           9  mymenu.o(.data)
    Name_OLEDMode                            0x20000062   Data           8  mymenu.o(.data)
    Name_OLEDBrightness                      0x2000006a   Data          11  mymenu.o(.data)
    Name_OLEDDirection_LR                    0x20000075   Data           7  mymenu.o(.data)
    Name_OLEDDirection_TB                    0x2000007c   Data           7  mymenu.o(.data)
    Name_FreeHeap                            0x20000083   Data           9  mymenu.o(.data)
    State_Fan                                0x2000008c   Data           1  mymenu.o(.data)
    State_OLEDMode                           0x2000008d   Data           1  mymenu.o(.data)
    State_OLEDDirection_LR                   0x2000008e   Data           1  mymenu.o(.data)
    State_OLEDDirection_TB                   0x2000008f   Data           1  mymenu.o(.data)
    Value_Fan_NowSpeed                       0x20000090   Data           4  mymenu.o(.data)
    Value_Fan_MaxSpeed                       0x20000094   Data           4  mymenu.o(.data)
    Value_Fan_MiniSpeed                      0x20000098   Data           4  mymenu.o(.data)
    Value_OLED_NowBrightness                 0x2000009c   Data           4  mymenu.o(.data)
    Value_OLED_MaxBrightness                 0x200000a0   Data           4  mymenu.o(.data)
    Value_OLED_MiniBrightness                0x200000a4   Data           4  mymenu.o(.data)
    Value_FreeHeap                           0x200000a8   Data           4  mymenu.o(.data)
    Unit_Fan_Speed                           0x200000ac   Data           6  mymenu.o(.data)
    Unit_OLED_BrightnessGear                 0x200000b2   Data           6  mymenu.o(.data)
    Description_FreeHeap                     0x200000b8   Data           5  mymenu.o(.data)
    Menu_Title_System                        0x200000bd   Data           7  mymenu.o(.data)
    Menu_Title_Fan                           0x200000c4   Data           4  mymenu.o(.data)
    Menu_MaxItem_Home                        0x200000c8   Data           1  mymenu.o(.data)
    Menu_MaxItem_System                      0x200000c9   Data           1  mymenu.o(.data)
    Menu_MaxItem_Fan                         0x200000ca   Data           1  mymenu.o(.data)
    Menu_Head_Home                           0x200000cc   Data           4  mymenu.o(.data)
    Menu_Head_System                         0x200000d0   Data           4  mymenu.o(.data)
    Menu_Head_Fan                            0x200000d4   Data           4  mymenu.o(.data)
    pxCurrentTCB                             0x200000d8   Data           4  tasks.o(.data)
    uxTopUsedPriority                        0x20000110   Data           4  tasks.o(.data)
    OLED_DisplayBuf                          0x20000138   Data        1024  oled.o(.bss)
    __libspace_start                         0x20001600   Data          96  libspace.o(.bss)
    __temporary_stack_top$libspace           0x20001660   Data           0  libspace.o(.bss)



==============================================================================

Memory Map of the image

  Image Entry point : 0x080000ed

  Load Region LR_IROM1 (Base: 0x08000000, Size: 0x000065d8, Max: 0x00008000, ABSOLUTE, COMPRESSED[0x00006504])

    Execution Region ER_IROM1 (Exec base: 0x08000000, Load base: 0x08000000, Size: 0x000064a0, Max: 0x00008000, ABSOLUTE)

    Exec Addr    Load Addr    Size         Type   Attr      Idx    E Section Name        Object

    0x08000000   0x08000000   0x000000ec   Data   RO          132    RESET               startup_stm32f10x_ld.o
    0x080000ec   0x080000ec   0x00000008   Code   RO         5377  * !!!main             c_w.l(__main.o)
    0x080000f4   0x080000f4   0x00000034   Code   RO         5894    !!!scatter          c_w.l(__scatter.o)
    0x08000128   0x08000128   0x0000005a   Code   RO         5892    !!dczerorl2         c_w.l(__dczerorl2.o)
    0x08000182   0x08000182   0x00000002   PAD
    0x08000184   0x08000184   0x0000001c   Code   RO         5896    !!handler_zi        c_w.l(__scatter_zi.o)
    0x080001a0   0x080001a0   0x00000002   Code   RO         5820    .ARM.Collect$$libinit$$00000000  c_w.l(libinit.o)
    0x080001a2   0x080001a2   0x00000000   Code   RO         5585    .ARM.Collect$$libinit$$00000002  c_w.l(libinit2.o)
    0x080001a2   0x080001a2   0x00000000   Code   RO         5587    .ARM.Collect$$libinit$$00000004  c_w.l(libinit2.o)
    0x080001a2   0x080001a2   0x00000008   Code   RO         5588    .ARM.Collect$$libinit$$00000005  c_w.l(libinit2.o)
    0x080001aa   0x080001aa   0x00000000   Code   RO         5590    .ARM.Collect$$libinit$$0000000A  c_w.l(libinit2.o)
    0x080001aa   0x080001aa   0x00000000   Code   RO         5592    .ARM.Collect$$libinit$$0000000C  c_w.l(libinit2.o)
    0x080001aa   0x080001aa   0x00000000   Code   RO         5594    .ARM.Collect$$libinit$$0000000E  c_w.l(libinit2.o)
    0x080001aa   0x080001aa   0x00000000   Code   RO         5597    .ARM.Collect$$libinit$$00000011  c_w.l(libinit2.o)
    0x080001aa   0x080001aa   0x00000000   Code   RO         5599    .ARM.Collect$$libinit$$00000013  c_w.l(libinit2.o)
    0x080001aa   0x080001aa   0x00000000   Code   RO         5601    .ARM.Collect$$libinit$$00000015  c_w.l(libinit2.o)
    0x080001aa   0x080001aa   0x00000000   Code   RO         5603    .ARM.Collect$$libinit$$00000017  c_w.l(libinit2.o)
    0x080001aa   0x080001aa   0x00000000   Code   RO         5605    .ARM.Collect$$libinit$$00000019  c_w.l(libinit2.o)
    0x080001aa   0x080001aa   0x00000000   Code   RO         5607    .ARM.Collect$$libinit$$0000001B  c_w.l(libinit2.o)
    0x080001aa   0x080001aa   0x00000000   Code   RO         5609    .ARM.Collect$$libinit$$0000001D  c_w.l(libinit2.o)
    0x080001aa   0x080001aa   0x00000000   Code   RO         5611    .ARM.Collect$$libinit$$0000001F  c_w.l(libinit2.o)
    0x080001aa   0x080001aa   0x00000000   Code   RO         5613    .ARM.Collect$$libinit$$00000021  c_w.l(libinit2.o)
    0x080001aa   0x080001aa   0x00000000   Code   RO         5615    .ARM.Collect$$libinit$$00000023  c_w.l(libinit2.o)
    0x080001aa   0x080001aa   0x00000000   Code   RO         5617    .ARM.Collect$$libinit$$00000025  c_w.l(libinit2.o)
    0x080001aa   0x080001aa   0x00000000   Code   RO         5621    .ARM.Collect$$libinit$$0000002C  c_w.l(libinit2.o)
    0x080001aa   0x080001aa   0x00000000   Code   RO         5623    .ARM.Collect$$libinit$$0000002E  c_w.l(libinit2.o)
    0x080001aa   0x080001aa   0x00000000   Code   RO         5625    .ARM.Collect$$libinit$$00000030  c_w.l(libinit2.o)
    0x080001aa   0x080001aa   0x00000000   Code   RO         5627    .ARM.Collect$$libinit$$00000032  c_w.l(libinit2.o)
    0x080001aa   0x080001aa   0x00000002   Code   RO         5628    .ARM.Collect$$libinit$$00000033  c_w.l(libinit2.o)
    0x080001ac   0x080001ac   0x00000002   Code   RO         5889    .ARM.Collect$$libshutdown$$00000000  c_w.l(libshutdown.o)
    0x080001ae   0x080001ae   0x00000000   Code   RO         5841    .ARM.Collect$$libshutdown$$00000002  c_w.l(libshutdown2.o)
    0x080001ae   0x080001ae   0x00000000   Code   RO         5843    .ARM.Collect$$libshutdown$$00000004  c_w.l(libshutdown2.o)
    0x080001ae   0x080001ae   0x00000000   Code   RO         5845    .ARM.Collect$$libshutdown$$00000006  c_w.l(libshutdown2.o)
    0x080001ae   0x080001ae   0x00000000   Code   RO         5848    .ARM.Collect$$libshutdown$$00000009  c_w.l(libshutdown2.o)
    0x080001ae   0x080001ae   0x00000000   Code   RO         5851    .ARM.Collect$$libshutdown$$0000000C  c_w.l(libshutdown2.o)
    0x080001ae   0x080001ae   0x00000000   Code   RO         5853    .ARM.Collect$$libshutdown$$0000000E  c_w.l(libshutdown2.o)
    0x080001ae   0x080001ae   0x00000000   Code   RO         5856    .ARM.Collect$$libshutdown$$00000011  c_w.l(libshutdown2.o)
    0x080001ae   0x080001ae   0x00000002   Code   RO         5857    .ARM.Collect$$libshutdown$$00000012  c_w.l(libshutdown2.o)
    0x080001b0   0x080001b0   0x00000000   Code   RO         5455    .ARM.Collect$$rtentry$$00000000  c_w.l(__rtentry.o)
    0x080001b0   0x080001b0   0x00000000   Code   RO         5697    .ARM.Collect$$rtentry$$00000002  c_w.l(__rtentry2.o)
    0x080001b0   0x080001b0   0x00000006   Code   RO         5709    .ARM.Collect$$rtentry$$00000004  c_w.l(__rtentry4.o)
    0x080001b6   0x080001b6   0x00000000   Code   RO         5699    .ARM.Collect$$rtentry$$00000009  c_w.l(__rtentry2.o)
    0x080001b6   0x080001b6   0x00000004   Code   RO         5700    .ARM.Collect$$rtentry$$0000000A  c_w.l(__rtentry2.o)
    0x080001ba   0x080001ba   0x00000000   Code   RO         5702    .ARM.Collect$$rtentry$$0000000C  c_w.l(__rtentry2.o)
    0x080001ba   0x080001ba   0x00000008   Code   RO         5703    .ARM.Collect$$rtentry$$0000000D  c_w.l(__rtentry2.o)
    0x080001c2   0x080001c2   0x00000002   Code   RO         5827    .ARM.Collect$$rtexit$$00000000  c_w.l(rtexit.o)
    0x080001c4   0x080001c4   0x00000000   Code   RO         5863    .ARM.Collect$$rtexit$$00000002  c_w.l(rtexit2.o)
    0x080001c4   0x080001c4   0x00000004   Code   RO         5864    .ARM.Collect$$rtexit$$00000003  c_w.l(rtexit2.o)
    0x080001c8   0x080001c8   0x00000006   Code   RO         5865    .ARM.Collect$$rtexit$$00000004  c_w.l(rtexit2.o)
    0x080001ce   0x080001ce   0x00000002   PAD
    0x080001d0   0x080001d0   0x00000096   Code   RO         5234    .emb_text           port.o
    0x08000266   0x08000266   0x00000002   PAD
    0x08000268   0x08000268   0x00000000   Code   RO         5718    .emb_text           c_w.l(maybetermalloc1.o)
    0x08000268   0x08000268   0x00000040   Code   RO          133    .text               startup_stm32f10x_ld.o
    0x080002a8   0x080002a8   0x0000005e   Code   RO         5309    .text               c_w.l(h1_alloc.o)
    0x08000306   0x08000306   0x00000010   Code   RO         5367    .text               c_w.l(aeabi_memset.o)
    0x08000316   0x08000316   0x00000044   Code   RO         5369    .text               c_w.l(rt_memclr.o)
    0x0800035a   0x0800035a   0x0000004e   Code   RO         5371    .text               c_w.l(rt_memclr_w.o)
    0x080003a8   0x080003a8   0x00000006   Code   RO         5375    .text               c_w.l(heapauxi.o)
    0x080003ae   0x080003ae   0x00000002   PAD
    0x080003b0   0x080003b0   0x00000008   Code   RO         5459    .text               c_w.l(rt_heap_descriptor_intlibspace.o)
    0x080003b8   0x080003b8   0x00000004   Code   RO         5461    .text               c_w.l(hguard.o)
    0x080003bc   0x080003bc   0x0000008a   Code   RO         5463    .text               c_w.l(init_alloc.o)
    0x08000446   0x08000446   0x0000000e   Code   RO         5469    .text               c_w.l(h1_init.o)
    0x08000454   0x08000454   0x0000004e   Code   RO         5471    .text               c_w.l(h1_free.o)
    0x080004a2   0x080004a2   0x00000016   Code   RO         5487    .text               c_w.l(_rserrno.o)
    0x080004b8   0x080004b8   0x00000008   Code   RO         5693    .text               c_w.l(libspace.o)
    0x080004c0   0x080004c0   0x00000008   Code   RO         5714    .text               c_w.l(rt_errno_addr_intlibspace.o)
    0x080004c8   0x080004c8   0x00000034   Code   RO         5720    .text               c_w.l(h1_extend.o)
    0x080004fc   0x080004fc   0x0000000e   Code   RO         5742    .text               c_w.l(defsig_rtmem_outer.o)
    0x0800050a   0x0800050a   0x00000002   Code   RO         5759    .text               c_w.l(use_no_semi.o)
    0x0800050c   0x0800050c   0x00000000   Code   RO         5761    .text               c_w.l(indicate_semi.o)
    0x0800050c   0x0800050c   0x0000004a   Code   RO         5762    .text               c_w.l(sys_stackheap_outer.o)
    0x08000556   0x08000556   0x00000012   Code   RO         5805    .text               c_w.l(exit.o)
    0x08000568   0x08000568   0x0000000a   Code   RO         5807    .text               c_w.l(defsig_exit.o)
    0x08000572   0x08000572   0x00000002   PAD
    0x08000574   0x08000574   0x00000050   Code   RO         5809    .text               c_w.l(defsig_rtmem_inner.o)
    0x080005c4   0x080005c4   0x0000000c   Code   RO         5825    .text               c_w.l(sys_exit.o)
    0x080005d0   0x080005d0   0x00000032   Code   RO         5838    .text               c_w.l(defsig_general.o)
    0x08000602   0x08000602   0x0000000e   Code   RO         5860    .text               c_w.l(sys_wrch.o)
    0x08000610   0x08000610   0x0000002c   Code   RO         4091    i.Build_ControlPro  build.o
    0x0800063c   0x0800063c   0x0000001c   Code   RO         4092    i.Build_HomeControl  build.o
    0x08000658   0x08000658   0x000000f0   Code   RO         4093    i.Build_HomeControl_KEYevent  build.o
    0x08000748   0x08000748   0x00000016   Code   RO         4095    i.Build_Limit       build.o
    0x0800075e   0x0800075e   0x00000002   PAD
    0x08000760   0x08000760   0x00000028   Code   RO         4096    i.Build_MenuControl  build.o
    0x08000788   0x08000788   0x000000f4   Code   RO         4097    i.Build_MenuControl_KEYevent  build.o
    0x0800087c   0x0800087c   0x0000000c   Code   RO         4098    i.Build_ModuleControl  build.o
    0x08000888   0x08000888   0x00000030   Code   RO         4099    i.Build_ModuleControl_KEYevent  build.o
    0x080008b8   0x080008b8   0x0000008c   Code   RO         4100    i.Build_ModuleControl_SelectDisplay  build.o
    0x08000944   0x08000944   0x000000d0   Code   RO         4101    i.Build_ModuleControl_Slider_KEYevent  build.o
    0x08000a14   0x08000a14   0x00000060   Code   RO         4102    i.Build_ModuleControl_Slider_KEYevent_INCREASE  build.o
    0x08000a74   0x08000a74   0x00000060   Code   RO         4103    i.Build_ModuleControl_Slider_KEYevent_REDUCE  build.o
    0x08000ad4   0x08000ad4   0x0000007c   Code   RO         4104    i.Build_ModuleControl_Switch_KEYevent  build.o
    0x08000b50   0x08000b50   0x00000070   Code   RO         4105    i.Build_ModuleControl_View_KEYevent  build.o
    0x08000bc0   0x08000bc0   0x00000018   Code   RO         4106    i.Build_Select_NormalPage  build.o
    0x08000bd8   0x08000bd8   0x00000004   Code   RO         4107    i.Build_SetValue    build.o
    0x08000bdc   0x08000bdc   0x00000004   Code   RO         4400    i.BusFault_Handler  stm32f10x_it.o
    0x08000be0   0x08000be0   0x00000002   Code   RO         4401    i.DebugMon_Handler  stm32f10x_it.o
    0x08000be2   0x08000be2   0x00000002   PAD
    0x08000be4   0x08000be4   0x0000002c   Code   RO         3227    i.GPIO_FAN_Init     gpio.o
    0x08000c10   0x08000c10   0x00000116   Code   RO         1347    i.GPIO_Init         stm32f10x_gpio.o
    0x08000d26   0x08000d26   0x00000010   Code   RO         3228    i.GPIO_InitPro      gpio.o
    0x08000d36   0x08000d36   0x00000002   PAD
    0x08000d38   0x08000d38   0x0000006c   Code   RO         3229    i.GPIO_KEY_Init     gpio.o
    0x08000da4   0x08000da4   0x00000012   Code   RO         1351    i.GPIO_ReadInputDataBit  stm32f10x_gpio.o
    0x08000db6   0x08000db6   0x00000002   PAD
    0x08000db8   0x08000db8   0x00000010   Code   RO         3230    i.GPIO_RetState_KEY1  gpio.o
    0x08000dc8   0x08000dc8   0x00000010   Code   RO         3231    i.GPIO_RetState_KEY2  gpio.o
    0x08000dd8   0x08000dd8   0x00000010   Code   RO         3232    i.GPIO_RetState_KEY3  gpio.o
    0x08000de8   0x08000de8   0x0000002c   Code   RO         3236    i.GPIO_WS2812_Init  gpio.o
    0x08000e14   0x08000e14   0x0000000a   Code   RO         1358    i.GPIO_WriteBit     stm32f10x_gpio.o
    0x08000e1e   0x08000e1e   0x00000004   Code   RO         4402    i.HardFault_Handler  stm32f10x_it.o
    0x08000e22   0x08000e22   0x0000004c   Code   RO         3663    i.KEY1_Scanf        key.o
    0x08000e6e   0x08000e6e   0x0000004c   Code   RO         3664    i.KEY2_Scanf        key.o
    0x08000eba   0x08000eba   0x0000004c   Code   RO         3665    i.KEY3_Scanf        key.o
    0x08000f06   0x08000f06   0x00000034   Code   RO         3666    i.KEY_ClearState    key.o
    0x08000f3a   0x08000f3a   0x00000002   PAD
    0x08000f3c   0x08000f3c   0x00000034   Code   RO         3670    i.KEY_RetState      key.o
    0x08000f70   0x08000f70   0x00000030   Code   RO         3671    i.KEY_SetState      key.o
    0x08000fa0   0x08000fa0   0x00000004   Code   RO         4403    i.MemManage_Handler  stm32f10x_it.o
    0x08000fa4   0x08000fa4   0x00000014   Code   RO         3957    i.Menu_CreateHomeHead  menu.o
    0x08000fb8   0x08000fb8   0x0000002a   Code   RO         3958    i.Menu_CreateHomeItem  menu.o
    0x08000fe2   0x08000fe2   0x00000036   Code   RO         3959    i.Menu_CreateItem   menu.o
    0x08001018   0x08001018   0x00000018   Code   RO         3960    i.Menu_CreateMenuHead  menu.o
    0x08001030   0x08001030   0x00000048   Code   RO         3961    i.Menu_CreateSliderItem  menu.o
    0x08001078   0x08001078   0x00000032   Code   RO         3962    i.Menu_CreateSliderModule  menu.o
    0x080010aa   0x080010aa   0x00000034   Code   RO         3963    i.Menu_CreateSwitchItem  menu.o
    0x080010de   0x080010de   0x0000003c   Code   RO         3964    i.Menu_CreateViewItem  menu.o
    0x0800111a   0x0800111a   0x0000001c   Code   RO         3965    i.Menu_CreateViewModule  menu.o
    0x08001136   0x08001136   0x00000010   Code   RO         3966    i.Menu_GetHomeEndItem  menu.o
    0x08001146   0x08001146   0x00000014   Code   RO         3967    i.Menu_GetHomeMaxItem  menu.o
    0x0800115a   0x0800115a   0x00000010   Code   RO         3968    i.Menu_GetMenuEndItem  menu.o
    0x0800116a   0x0800116a   0x00000014   Code   RO         3969    i.Menu_GetMenuMaxItem  menu.o
    0x0800117e   0x0800117e   0x00000018   Code   RO         3970    i.Menu_Include_HomeItem  menu.o
    0x08001196   0x08001196   0x00000018   Code   RO         3971    i.Menu_Include_MenuItem  menu.o
    0x080011ae   0x080011ae   0x0000002c   Code   RO         3973    i.Menu_RetHomeItem  menu.o
    0x080011da   0x080011da   0x0000002c   Code   RO         3974    i.Menu_RetMenuItem  menu.o
    0x08001206   0x08001206   0x00000018   Code   RO         3975    i.Mneu_CreateSwitchModule  menu.o
    0x0800121e   0x0800121e   0x00000002   PAD
    0x08001220   0x08001220   0x00000040   Code   RO         4329    i.MyMenu_Calculate_MaxItem  mymenu.o
    0x08001260   0x08001260   0x00000064   Code   RO         4330    i.MyMenu_Create_HomeItem  mymenu.o
    0x080012c4   0x080012c4   0x00000010   Code   RO         4331    i.MyMenu_Create_MenuItem  mymenu.o
    0x080012d4   0x080012d4   0x00000074   Code   RO         4332    i.MyMenu_Create_MenuItem_Fan  mymenu.o
    0x08001348   0x08001348   0x000000e4   Code   RO         4333    i.MyMenu_Create_MenuItem_System  mymenu.o
    0x0800142c   0x0800142c   0x00000018   Code   RO         4334    i.MyMenu_InitPro    mymenu.o
    0x08001444   0x08001444   0x00000002   Code   RO         4404    i.NMI_Handler       stm32f10x_it.o
    0x08001446   0x08001446   0x00000002   PAD
    0x08001448   0x08001448   0x00000070   Code   RO          137    i.NVIC_Init         misc.o
    0x080014b8   0x080014b8   0x00000014   Code   RO          138    i.NVIC_PriorityGroupConfig  misc.o
    0x080014cc   0x080014cc   0x00000028   Code   RO         3368    i.OLED_Clear        oled.o
    0x080014f4   0x080014f4   0x000000a8   Code   RO         3369    i.OLED_ClearArea    oled.o
    0x0800159c   0x0800159c   0x00000050   Code   RO         3374    i.OLED_DrawPoint    oled.o
    0x080015ec   0x080015ec   0x0000008e   Code   RO         3375    i.OLED_DrawRectangle  oled.o
    0x0800167a   0x0800167a   0x00000002   PAD
    0x0800167c   0x0800167c   0x0000005c   Code   RO         3377    i.OLED_GPIO_Init    oled.o
    0x080016d8   0x080016d8   0x0000003e   Code   RO         3379    i.OLED_I2C_SendByte  oled.o
    0x08001716   0x08001716   0x0000001c   Code   RO         3380    i.OLED_I2C_Start    oled.o
    0x08001732   0x08001732   0x00000016   Code   RO         3381    i.OLED_I2C_Stop     oled.o
    0x08001748   0x08001748   0x0000009a   Code   RO         3382    i.OLED_Init         oled.o
    0x080017e2   0x080017e2   0x00000014   Code   RO         3384    i.OLED_Pow          oled.o
    0x080017f6   0x080017f6   0x00000022   Code   RO         3388    i.OLED_SetCursor    oled.o
    0x08001818   0x08001818   0x00000054   Code   RO         3390    i.OLED_ShowChar     oled.o
    0x0800186c   0x0800186c   0x0000012c   Code   RO         3394    i.OLED_ShowImage    oled.o
    0x08001998   0x08001998   0x0000004c   Code   RO         3395    i.OLED_ShowNum      oled.o
    0x080019e4   0x080019e4   0x00000070   Code   RO         3396    i.OLED_ShowSignedNum  oled.o
    0x08001a54   0x08001a54   0x0000002e   Code   RO         3397    i.OLED_ShowString   oled.o
    0x08001a82   0x08001a82   0x00000002   PAD
    0x08001a84   0x08001a84   0x00000030   Code   RO         3398    i.OLED_Update       oled.o
    0x08001ab4   0x08001ab4   0x00000014   Code   RO         3400    i.OLED_W_SCL        oled.o
    0x08001ac8   0x08001ac8   0x00000014   Code   RO         3401    i.OLED_W_SDA        oled.o
    0x08001adc   0x08001adc   0x00000020   Code   RO         3402    i.OLED_WriteCommand  oled.o
    0x08001afc   0x08001afc   0x0000002e   Code   RO         3403    i.OLED_WriteData    oled.o
    0x08001b2a   0x08001b2a   0x00000002   PAD
    0x08001b2c   0x08001b2c   0x00000020   Code   RO         1775    i.RCC_APB1PeriphClockCmd  stm32f10x_rcc.o
    0x08001b4c   0x08001b4c   0x00000020   Code   RO         1777    i.RCC_APB2PeriphClockCmd  stm32f10x_rcc.o
    0x08001b6c   0x08001b6c   0x00000008   Code   RO           17    i.SetSysClock       system_stm32f10x.o
    0x08001b74   0x08001b74   0x000000e0   Code   RO           18    i.SetSysClockTo72   system_stm32f10x.o
    0x08001c54   0x08001c54   0x00000034   Code   RO         5235    i.SysTick_Handler   port.o
    0x08001c88   0x08001c88   0x00000060   Code   RO           20    i.SystemInit        system_stm32f10x.o
    0x08001ce8   0x08001ce8   0x00000008   Code   RO         3820    i.TASK1             mytask.o
    0x08001cf0   0x08001cf0   0x00000004   Code   RO         3821    i.TASK10            mytask.o
    0x08001cf4   0x08001cf4   0x00000004   Code   RO         3822    i.TASK11            mytask.o
    0x08001cf8   0x08001cf8   0x00000004   Code   RO         3823    i.TASK12            mytask.o
    0x08001cfc   0x08001cfc   0x00000004   Code   RO         3824    i.TASK13            mytask.o
    0x08001d00   0x08001d00   0x00000004   Code   RO         3825    i.TASK14            mytask.o
    0x08001d04   0x08001d04   0x00000004   Code   RO         3826    i.TASK15            mytask.o
    0x08001d08   0x08001d08   0x00000008   Code   RO         3827    i.TASK2             mytask.o
    0x08001d10   0x08001d10   0x00000008   Code   RO         3828    i.TASK3             mytask.o
    0x08001d18   0x08001d18   0x00000028   Code   RO         3829    i.TASK4             mytask.o
    0x08001d40   0x08001d40   0x00000004   Code   RO         3830    i.TASK5             mytask.o
    0x08001d44   0x08001d44   0x00000004   Code   RO         3831    i.TASK6             mytask.o
    0x08001d48   0x08001d48   0x00000004   Code   RO         3832    i.TASK7             mytask.o
    0x08001d4c   0x08001d4c   0x00000004   Code   RO         3833    i.TASK8             mytask.o
    0x08001d50   0x08001d50   0x00000004   Code   RO         3834    i.TASK9             mytask.o
    0x08001d54   0x08001d54   0x00000038   Code   RO         3835    i.TASK_InitPro      mytask.o
    0x08001d8c   0x08001d8c   0x0000002c   Code   RO         3787    i.TIM2_IRQHandler   delay.o
    0x08001db8   0x08001db8   0x00000018   Code   RO         2409    i.TIM_ARRPreloadConfig  stm32f10x_tim.o
    0x08001dd0   0x08001dd0   0x00000006   Code   RO         2415    i.TIM_ClearFlag     stm32f10x_tim.o
    0x08001dd6   0x08001dd6   0x00000006   Code   RO         2416    i.TIM_ClearITPendingBit  stm32f10x_tim.o
    0x08001ddc   0x08001ddc   0x00000018   Code   RO         2421    i.TIM_Cmd           stm32f10x_tim.o
    0x08001df4   0x08001df4   0x0000001e   Code   RO         2423    i.TIM_CtrlPWMOutputs  stm32f10x_tim.o
    0x08001e12   0x08001e12   0x0000006e   Code   RO         3305    i.TIM_Delay_Init    tim.o
    0x08001e80   0x08001e80   0x0000007c   Code   RO         3306    i.TIM_FAN_Init      tim.o
    0x08001efc   0x08001efc   0x00000022   Code   RO         2442    i.TIM_GetITStatus   stm32f10x_tim.o
    0x08001f1e   0x08001f1e   0x00000012   Code   RO         2446    i.TIM_ITConfig      stm32f10x_tim.o
    0x08001f30   0x08001f30   0x0000000c   Code   RO         3307    i.TIM_InitPro       tim.o
    0x08001f3c   0x08001f3c   0x00000012   Code   RO         2453    i.TIM_OC1PreloadConfig  stm32f10x_tim.o
    0x08001f4e   0x08001f4e   0x00000002   PAD
    0x08001f50   0x08001f50   0x000000a4   Code   RO         2455    i.TIM_OC2Init       stm32f10x_tim.o
    0x08001ff4   0x08001ff4   0x00000004   Code   RO         2486    i.TIM_SetCounter    stm32f10x_tim.o
    0x08001ff8   0x08001ff8   0x000000a4   Code   RO         2492    i.TIM_TimeBaseInit  stm32f10x_tim.o
    0x0800209c   0x0800209c   0x00000230   Code   RO         3836    i.Task_Start        mytask.o
    0x080022cc   0x080022cc   0x00000088   Code   RO         4206    i.UI_Display_Home   ui.o
    0x08002354   0x08002354   0x000001ec   Code   RO         4209    i.UI_Display_Menu   ui.o
    0x08002540   0x08002540   0x000001a4   Code   RO         4213    i.UI_Display_SliderModule  ui.o
    0x080026e4   0x080026e4   0x00000074   Code   RO         4214    i.UI_Display_SwitchModule  ui.o
    0x08002758   0x08002758   0x00000078   Code   RO         4220    i.UI_Display_ViewModule  ui.o
    0x080027d0   0x080027d0   0x00000004   Code   RO         4405    i.UsageFault_Handler  stm32f10x_it.o
    0x080027d4   0x080027d4   0x000000aa   Code   RO         5757    i.__kernel_poly     m_ws.l(poly.o)
    0x0800287e   0x0800287e   0x00000002   PAD
    0x08002880   0x08002880   0x00000010   Code   RO         5666    i.__mathlib_dbl_divzero  m_ws.l(dunder.o)
    0x08002890   0x08002890   0x00000006   Code   RO         5667    i.__mathlib_dbl_infnan  m_ws.l(dunder.o)
    0x08002896   0x08002896   0x0000000c   Code   RO         5669    i.__mathlib_dbl_invalid  m_ws.l(dunder.o)
    0x080028a2   0x080028a2   0x0000003c   Code   RO         4222    i.digitLength       ui.o
    0x080028de   0x080028de   0x00000002   PAD
    0x080028e0   0x080028e0   0x000000dc   Code   RO         5440    i.floor             m_ws.l(floor.o)
    0x080029bc   0x080029bc   0x0000035c   Code   RO         5681    i.log               m_ws.l(log.o)
    0x08002d18   0x08002d18   0x000000e4   Code   RO         5444    i.log10             m_ws.l(log10.o)
    0x08002dfc   0x08002dfc   0x00000016   Code   RO         4381    i.main              main.o
    0x08002e12   0x08002e12   0x00000002   PAD
    0x08002e14   0x08002e14   0x000000c0   Code   RO         4856    i.prvAddCurrentTaskToDelayedList  tasks.o
    0x08002ed4   0x08002ed4   0x000000e4   Code   RO         4857    i.prvAddNewTaskToReadyList  tasks.o
    0x08002fb8   0x08002fb8   0x00000048   Code   RO         4858    i.prvCheckTasksWaitingTermination  tasks.o
    0x08003000   0x08003000   0x00000012   Code   RO         4859    i.prvDeleteTCB      tasks.o
    0x08003012   0x08003012   0x00000002   PAD
    0x08003014   0x08003014   0x00000070   Code   RO         5173    i.prvHeapInit       heap_4.o
    0x08003084   0x08003084   0x00000028   Code   RO         4860    i.prvIdleTask       tasks.o
    0x080030ac   0x080030ac   0x00000088   Code   RO         4861    i.prvInitialiseNewTask  tasks.o
    0x08003134   0x08003134   0x00000068   Code   RO         4862    i.prvInitialiseTaskLists  tasks.o
    0x0800319c   0x0800319c   0x00000068   Code   RO         5174    i.prvInsertBlockIntoFreeList  heap_4.o
    0x08003204   0x08003204   0x00000030   Code   RO         4863    i.prvResetNextTaskUnblockTime  tasks.o
    0x08003234   0x08003234   0x00000016   Code   RO         5236    i.prvTaskExitError  port.o
    0x0800324a   0x0800324a   0x00000002   PAD
    0x0800324c   0x0800324c   0x000000e4   Code   RO         5176    i.pvPortMalloc      heap_4.o
    0x08003330   0x08003330   0x00000024   Code   RO         5237    i.pxPortInitialiseStack  port.o
    0x08003354   0x08003354   0x00000028   Code   RO         4546    i.uxListRemove      list.o
    0x0800337c   0x0800337c   0x0000001a   Code   RO         4547    i.vListInitialise   list.o
    0x08003396   0x08003396   0x00000006   Code   RO         4548    i.vListInitialiseItem  list.o
    0x0800339c   0x0800339c   0x00000034   Code   RO         4549    i.vListInsert       list.o
    0x080033d0   0x080033d0   0x00000018   Code   RO         4550    i.vListInsertEnd    list.o
    0x080033e8   0x080033e8   0x00000024   Code   RO         5239    i.vPortEnterCritical  port.o
    0x0800340c   0x0800340c   0x00000020   Code   RO         5240    i.vPortExitCritical  port.o
    0x0800342c   0x0800342c   0x0000004c   Code   RO         5177    i.vPortFree         heap_4.o
    0x08003478   0x08003478   0x00000018   Code   RO         5241    i.vPortSetupTimerInterrupt  port.o
    0x08003490   0x08003490   0x00000034   Code   RO         4873    i.vTaskDelay        tasks.o
    0x080034c4   0x080034c4   0x000000d4   Code   RO         4874    i.vTaskDelete       tasks.o
    0x08003598   0x08003598   0x0000006c   Code   RO         4885    i.vTaskStartScheduler  tasks.o
    0x08003604   0x08003604   0x00000010   Code   RO         4887    i.vTaskSuspendAll   tasks.o
    0x08003614   0x08003614   0x00000060   Code   RO         4888    i.vTaskSwitchContext  tasks.o
    0x08003674   0x08003674   0x00000034   Code   RO         5242    i.xPortStartScheduler  port.o
    0x080036a8   0x080036a8   0x00000068   Code   RO         4891    i.xTaskCreate       tasks.o
    0x08003710   0x08003710   0x00000190   Code   RO         4900    i.xTaskIncrementTick  tasks.o
    0x080038a0   0x080038a0   0x0000015c   Code   RO         4902    i.xTaskResumeAll    tasks.o
    0x080039fc   0x080039fc   0x00000150   Code   RO         5381    x$fpl$dadd          fz_ws.l(daddsub_clz.o)
    0x08003b4c   0x08003b4c   0x00000010   Code   RO         5751    x$fpl$dcheck1       fz_ws.l(dcheck1.o)
    0x08003b5c   0x08003b5c   0x00000018   Code   RO         5629    x$fpl$dcmpinf       fz_ws.l(dcmpi.o)
    0x08003b74   0x08003b74   0x000002b0   Code   RO         5388    x$fpl$ddiv          fz_ws.l(ddiv.o)
    0x08003e24   0x08003e24   0x00000078   Code   RO         5631    x$fpl$deqf          fz_ws.l(deqf.o)
    0x08003e9c   0x08003e9c   0x0000005e   Code   RO         5391    x$fpl$dfix          fz_ws.l(dfix.o)
    0x08003efa   0x08003efa   0x00000002   PAD
    0x08003efc   0x08003efc   0x0000005a   Code   RO         5395    x$fpl$dfixu         fz_ws.l(dfixu.o)
    0x08003f56   0x08003f56   0x0000002e   Code   RO         5400    x$fpl$dflt          fz_ws.l(dflt_clz.o)
    0x08003f84   0x08003f84   0x00000078   Code   RO         5405    x$fpl$dleqf         fz_ws.l(dleqf.o)
    0x08003ffc   0x08003ffc   0x00000154   Code   RO         5407    x$fpl$dmul          fz_ws.l(dmul.o)
    0x08004150   0x08004150   0x0000009c   Code   RO         5633    x$fpl$dnaninf       fz_ws.l(dnaninf.o)
    0x080041ec   0x080041ec   0x0000000c   Code   RO         5635    x$fpl$dretinf       fz_ws.l(dretinf.o)
    0x080041f8   0x080041f8   0x0000006c   Code   RO         5409    x$fpl$drleqf        fz_ws.l(drleqf.o)
    0x08004264   0x08004264   0x00000016   Code   RO         5382    x$fpl$drsb          fz_ws.l(daddsub_clz.o)
    0x0800427a   0x0800427a   0x00000002   PAD
    0x0800427c   0x0800427c   0x000001d4   Code   RO         5383    x$fpl$dsub          fz_ws.l(daddsub_clz.o)
    0x08004450   0x08004450   0x00000056   Code   RO         5411    x$fpl$f2d           fz_ws.l(f2d.o)
    0x080044a6   0x080044a6   0x00000002   PAD
    0x080044a8   0x080044a8   0x00000184   Code   RO         5420    x$fpl$fdiv          fz_ws.l(fdiv.o)
    0x0800462c   0x0800462c   0x00000030   Code   RO         5424    x$fpl$fflt          fz_ws.l(fflt_clz.o)
    0x0800465c   0x0800465c   0x0000008c   Code   RO         5641    x$fpl$fnaninf       fz_ws.l(fnaninf.o)
    0x080046e8   0x080046e8   0x0000000a   Code   RO         5643    x$fpl$fretinf       fz_ws.l(fretinf.o)
    0x080046f2   0x080046f2   0x00000064   Code   RO         5823    x$fpl$retnan        fz_ws.l(retnan.o)
    0x08004756   0x08004756   0x0000005c   Code   RO         5653    x$fpl$scalbn        fz_ws.l(scalbn.o)
    0x080047b2   0x080047b2   0x00000030   Code   RO         5858    x$fpl$trapveneer    fz_ws.l(trapv.o)
    0x080047e2   0x080047e2   0x00000000   Code   RO         5655    x$fpl$usenofp       fz_ws.l(usenofp.o)
    0x080047e2   0x080047e2   0x00001c57   Data   RO         3650    .constdata          oled_data.o
    0x08006439   0x08006439   0x00000007   PAD
    0x08006440   0x08006440   0x00000038   Data   RO         5682    .constdata          m_ws.l(log.o)
    0x08006478   0x08006478   0x00000008   Data   RO         5690    .constdata          m_ws.l(qnan.o)
    0x08006480   0x08006480   0x00000020   Data   RO         5890    Region$$Table       anon$$obj.o


    Execution Region RW_IRAM1 (Exec base: 0x20000000, Load base: 0x080064a0, Size: 0x00002060, Max: 0x00002800, ABSOLUTE, COMPRESSED[0x00000064])

    Exec Addr    Load Addr    Size         Type   Attr      Idx    E Section Name        Object

    0x20000000   COMPRESSED   0x00000003   Data   RW         3672    .data               key.o
    0x20000003   COMPRESSED   0x00000001   Data   RW         3788    .data               delay.o
    0x20000004   COMPRESSED   0x00000040   Data   RW         3837    .data               mytask.o
    0x20000044   COMPRESSED   0x0000000c   Data   RW         4108    .data               build.o
    0x20000050   COMPRESSED   0x00000088   Data   RW         4335    .data               mymenu.o
    0x200000d8   COMPRESSED   0x00000040   Data   RW         4905    .data               tasks.o
    0x20000118   COMPRESSED   0x0000001c   Data   RW         5183    .data               heap_4.o
    0x20000134   COMPRESSED   0x00000004   Data   RW         5243    .data               port.o
    0x20000138        -       0x00000400   Zero   RW         3405    .bss                oled.o
    0x20000538        -       0x000000c8   Zero   RW         4904    .bss                tasks.o
    0x20000600        -       0x00001000   Zero   RW         5182    .bss                heap_4.o
    0x20001600        -       0x00000060   Zero   RW         5694    .bss                c_w.l(libspace.o)
    0x20001660        -       0x00000500   Zero   RW          131    HEAP                startup_stm32f10x_ld.o
    0x20001b60        -       0x00000500   Zero   RW          130    STACK               startup_stm32f10x_ld.o


==============================================================================

Image component sizes


      Code (inc. data)   RO Data    RW Data    ZI Data      Debug   Object Name

      1482        128          0         12          0      10294   build.o
         0          0          0          0          0       4532   core_cm3.o
        44          6          0          1          0        701   delay.o
         0          0          0          0          0       2520   event_groups.o
       260         30          0          0          0       3417   gpio.o
       520         58          0         28       4096       4543   heap_4.o
       380         26          0          3          0       4601   key.o
       148          0          0          0          0       3242   list.o
        22          0          0          0          0        451   main.o
       634          0          0          0          0      13500   menu.o
       132         22          0          0          0     204231   misc.o
       548        192          0        136          0       5318   mymenu.o
       724        268          0         64          0       8739   mytask.o
      1626         46          0          0       1024      27528   oled.o
         0          0       7255          0          0       3308   oled_data.o
       404         48          0          4          0       8984   port.o
        64         26        236          0       2560        784   startup_stm32f10x_ld.o
         0          0          0          0          0       1660   stm32f10x_adc.o
       306          0          0          0          0      11352   stm32f10x_gpio.o
        20          0          0          0          0       2525   stm32f10x_it.o
        64         12          0          0          0       1082   stm32f10x_rcc.o
       492         52          0          0          0      26952   stm32f10x_tim.o
       328         28          0          0          0      30497   system_stm32f10x.o
      2174        300          0         64        200      26857   tasks.o
       246          6          0          0          0       1606   tim.o
      1344         82          0          0          0       4438   ui.o

    ----------------------------------------------------------------------
     11994       1330       7530        312       7880     413662   Object Totals
         0          0         32          0          0          0   (incl. Generated)
        32          0          7          0          0          0   (incl. Padding)

    ----------------------------------------------------------------------

      Code (inc. data)   RO Data    RW Data    ZI Data      Debug   Library Member Name

        90          0          0          0          0          0   __dczerorl2.o
         8          0          0          0          0         68   __main.o
         0          0          0          0          0          0   __rtentry.o
        12          0          0          0          0          0   __rtentry2.o
         6          0          0          0          0          0   __rtentry4.o
        52          8          0          0          0          0   __scatter.o
        28          0          0          0          0          0   __scatter_zi.o
        22          0          0          0          0        100   _rserrno.o
        16          0          0          0          0         68   aeabi_memset.o
        10          0          0          0          0         68   defsig_exit.o
        50          0          0          0          0         88   defsig_general.o
        80         58          0          0          0         76   defsig_rtmem_inner.o
        14          0          0          0          0         80   defsig_rtmem_outer.o
        18          0          0          0          0         80   exit.o
        94          0          0          0          0         80   h1_alloc.o
        52          0          0          0          0         68   h1_extend.o
        78          0          0          0          0         80   h1_free.o
        14          0          0          0          0         84   h1_init.o
         6          0          0          0          0        152   heapauxi.o
         4          0          0          0          0        136   hguard.o
         0          0          0          0          0          0   indicate_semi.o
       138          0          0          0          0        168   init_alloc.o
         2          0          0          0          0          0   libinit.o
        10          0          0          0          0          0   libinit2.o
         2          0          0          0          0          0   libshutdown.o
         2          0          0          0          0          0   libshutdown2.o
         8          4          0          0         96         68   libspace.o
         0          0          0          0          0          0   maybetermalloc1.o
         8          4          0          0          0         68   rt_errno_addr_intlibspace.o
         8          4          0          0          0         68   rt_heap_descriptor_intlibspace.o
        68          0          0          0          0         68   rt_memclr.o
        78          0          0          0          0         80   rt_memclr_w.o
         2          0          0          0          0          0   rtexit.o
        10          0          0          0          0          0   rtexit2.o
        12          4          0          0          0         68   sys_exit.o
        74          0          0          0          0         80   sys_stackheap_outer.o
        14          0          0          0          0         76   sys_wrch.o
         2          0          0          0          0         68   use_no_semi.o
       826         16          0          0          0        348   daddsub_clz.o
        16          4          0          0          0         68   dcheck1.o
        24          0          0          0          0         68   dcmpi.o
       688        140          0          0          0        208   ddiv.o
       120          4          0          0          0         92   deqf.o
        94          4          0          0          0         92   dfix.o
        90          4          0          0          0         92   dfixu.o
        46          0          0          0          0         68   dflt_clz.o
       120          4          0          0          0         92   dleqf.o
       340         12          0          0          0        104   dmul.o
       156          4          0          0          0         92   dnaninf.o
        12          0          0          0          0         68   dretinf.o
       108          0          0          0          0         80   drleqf.o
        86          4          0          0          0         84   f2d.o
       388         76          0          0          0         96   fdiv.o
        48          0          0          0          0         68   fflt_clz.o
       140          4          0          0          0         84   fnaninf.o
        10          0          0          0          0         68   fretinf.o
       100          0          0          0          0         68   retnan.o
        92          0          0          0          0         68   scalbn.o
        48          0          0          0          0         68   trapv.o
         0          0          0          0          0          0   usenofp.o
        34          4          0          0          0        204   dunder.o
       220         16          0          0          0         84   floor.o
       860         52         56          0          0        256   log.o
       228         30          0          0          0        120   log10.o
       170          0          0          0          0         96   poly.o
         0          0          8          0          0          0   qnan.o

    ----------------------------------------------------------------------
      6172        460         64          0         96       4876   Library Totals
        16          0          0          0          0          0   (incl. Padding)

    ----------------------------------------------------------------------

      Code (inc. data)   RO Data    RW Data    ZI Data      Debug   Library Name

      1092         82          0          0         96       2040   c_w.l
      3552        276          0          0          0       2076   fz_ws.l
      1512        102         64          0          0        760   m_ws.l

    ----------------------------------------------------------------------
      6172        460         64          0         96       4876   Library Totals

    ----------------------------------------------------------------------

==============================================================================


      Code (inc. data)   RO Data    RW Data    ZI Data      Debug   

     18166       1790       7594        312       7976     407718   Grand Totals
     18166       1790       7594        100       7976     407718   ELF Image Totals (compressed)
     18166       1790       7594        100          0          0   ROM Totals

==============================================================================

    Total RO  Size (Code + RO Data)                25760 (  25.16kB)
    Total RW  Size (RW Data + ZI Data)              8288 (   8.09kB)
    Total ROM Size (Code + RO Data + RW Data)      25860 (  25.25kB)

==============================================================================

